Archive member included because of file (symbol)

c:/program files (x86)/gnu tools arm embedded/4.9 2015q2/bin/../lib/gcc/arm-none-eabi/4.9.3/../../../../arm-none-eabi/lib/armv6-m\libc_nano.a(lib_a-exit.o)
                              c:/program files (x86)/gnu tools arm embedded/4.9 2015q2/bin/../lib/gcc/arm-none-eabi/4.9.3/../../../../arm-none-eabi/lib/armv6-m/crt0.o (exit)
c:/program files (x86)/gnu tools arm embedded/4.9 2015q2/bin/../lib/gcc/arm-none-eabi/4.9.3/../../../../arm-none-eabi/lib/armv6-m\libc_nano.a(lib_a-impure.o)
                              c:/program files (x86)/gnu tools arm embedded/4.9 2015q2/bin/../lib/gcc/arm-none-eabi/4.9.3/../../../../arm-none-eabi/lib/armv6-m\libc_nano.a(lib_a-exit.o) (_global_impure_ptr)
c:/program files (x86)/gnu tools arm embedded/4.9 2015q2/bin/../lib/gcc/arm-none-eabi/4.9.3/../../../../arm-none-eabi/lib/armv6-m\libc_nano.a(lib_a-init.o)
                              c:/program files (x86)/gnu tools arm embedded/4.9 2015q2/bin/../lib/gcc/arm-none-eabi/4.9.3/../../../../arm-none-eabi/lib/armv6-m/crt0.o (__libc_init_array)
c:/program files (x86)/gnu tools arm embedded/4.9 2015q2/bin/../lib/gcc/arm-none-eabi/4.9.3/../../../../arm-none-eabi/lib/armv6-m\libc_nano.a(lib_a-memset.o)
                              c:/program files (x86)/gnu tools arm embedded/4.9 2015q2/bin/../lib/gcc/arm-none-eabi/4.9.3/../../../../arm-none-eabi/lib/armv6-m/crt0.o (memset)
c:/program files (x86)/gnu tools arm embedded/4.9 2015q2/bin/../lib/gcc/arm-none-eabi/4.9.3/../../../../arm-none-eabi/lib/armv6-m\libnosys.a(_exit.o)
                              c:/program files (x86)/gnu tools arm embedded/4.9 2015q2/bin/../lib/gcc/arm-none-eabi/4.9.3/../../../../arm-none-eabi/lib/armv6-m\libc_nano.a(lib_a-exit.o) (_exit)
c:/program files (x86)/gnu tools arm embedded/4.9 2015q2/bin/../lib/gcc/arm-none-eabi/4.9.3/armv6-m\libgcc.a(_udivsi3.o)
                              _build/bsp.o (__aeabi_uidiv)
c:/program files (x86)/gnu tools arm embedded/4.9 2015q2/bin/../lib/gcc/arm-none-eabi/4.9.3/armv6-m\libgcc.a(_divsi3.o)
                              _build/pstorage.o (__aeabi_idiv)
c:/program files (x86)/gnu tools arm embedded/4.9 2015q2/bin/../lib/gcc/arm-none-eabi/4.9.3/armv6-m\libgcc.a(_dvmd_tls.o)
                              c:/program files (x86)/gnu tools arm embedded/4.9 2015q2/bin/../lib/gcc/arm-none-eabi/4.9.3/armv6-m\libgcc.a(_udivsi3.o) (__aeabi_idiv0)
c:/program files (x86)/gnu tools arm embedded/4.9 2015q2/bin/../lib/gcc/arm-none-eabi/4.9.3/../../../../arm-none-eabi/lib/armv6-m\libc_nano.a(lib_a-memcmp.o)
                              _build/transport.o (memcmp)
c:/program files (x86)/gnu tools arm embedded/4.9 2015q2/bin/../lib/gcc/arm-none-eabi/4.9.3/../../../../arm-none-eabi/lib/armv6-m\libc_nano.a(lib_a-memcpy.o)
                              _build/main.o (memcpy)
c:/program files (x86)/gnu tools arm embedded/4.9 2015q2/bin/../lib/gcc/arm-none-eabi/4.9.3/../../../../arm-none-eabi/lib/armv6-m\libc_nano.a(lib_a-strcpy.o)
                              _build/SEGGER_RTT.o (strcpy)
c:/program files (x86)/gnu tools arm embedded/4.9 2015q2/bin/../lib/gcc/arm-none-eabi/4.9.3/../../../../arm-none-eabi/lib/armv6-m\libc_nano.a(lib_a-strlen.o)
                              _build/ble_srv_common.o (strlen)
c:/program files (x86)/gnu tools arm embedded/4.9 2015q2/bin/../lib/gcc/arm-none-eabi/4.9.3/../../../../arm-none-eabi/lib/armv6-m\libc_nano.a(lib_a-vprintf.o)
                              _build/nrf_log.o (vprintf)
c:/program files (x86)/gnu tools arm embedded/4.9 2015q2/bin/../lib/gcc/arm-none-eabi/4.9.3/../../../../arm-none-eabi/lib/armv6-m\libc_nano.a(lib_a-findfp.o)
                              c:/program files (x86)/gnu tools arm embedded/4.9 2015q2/bin/../lib/gcc/arm-none-eabi/4.9.3/../../../../arm-none-eabi/lib/armv6-m\libc_nano.a(lib_a-vprintf.o) (__sinit)
c:/program files (x86)/gnu tools arm embedded/4.9 2015q2/bin/../lib/gcc/arm-none-eabi/4.9.3/../../../../arm-none-eabi/lib/armv6-m\libc_nano.a(lib_a-fwalk.o)
                              c:/program files (x86)/gnu tools arm embedded/4.9 2015q2/bin/../lib/gcc/arm-none-eabi/4.9.3/../../../../arm-none-eabi/lib/armv6-m\libc_nano.a(lib_a-findfp.o) (_fwalk)
c:/program files (x86)/gnu tools arm embedded/4.9 2015q2/bin/../lib/gcc/arm-none-eabi/4.9.3/../../../../arm-none-eabi/lib/armv6-m\libc_nano.a(lib_a-nano-mallocr.o)
                              c:/program files (x86)/gnu tools arm embedded/4.9 2015q2/bin/../lib/gcc/arm-none-eabi/4.9.3/../../../../arm-none-eabi/lib/armv6-m\libc_nano.a(lib_a-findfp.o) (_malloc_r)
c:/program files (x86)/gnu tools arm embedded/4.9 2015q2/bin/../lib/gcc/arm-none-eabi/4.9.3/../../../../arm-none-eabi/lib/armv6-m\libc_nano.a(lib_a-nano-vfprintf.o)
                              c:/program files (x86)/gnu tools arm embedded/4.9 2015q2/bin/../lib/gcc/arm-none-eabi/4.9.3/../../../../arm-none-eabi/lib/armv6-m\libc_nano.a(lib_a-vprintf.o) (_vfprintf_r)
[...]
Memory Configuration

Name             Origin             Length             Attributes
FLASH            0x0001b000         0x00025000         xr
RAM              0x20001eb0         0x00004150         xrw
*default*        0x00000000         0xffffffff

Linker script and memory map


.text           0x0001b000     0x4344
 *(.isr_vector)
 .isr_vector    0x0001b000       0xc0 _build/gcc_startup_nrf51.o
                0x0001b000                __isr_vector
 *(.text*)
 .text          0x0001b0c0       0x60 c:/program files (x86)/gnu tools arm embedded/4.9 2015q2/bin/../lib/gcc/arm-none-eabi/4.9.3/armv6-m/crtbegin.o
 .text          0x0001b120       0x78 c:/program files (x86)/gnu tools arm embedded/4.9 2015q2/bin/../lib/gcc/arm-none-eabi/4.9.3/../../../../arm-none-eabi/lib/armv6-m/crt0.o
                0x0001b120                _start
                0x0001b120                _mainCRTStartup
 .text.exit     0x0001b198       0x2c c:/program files (x86)/gnu tools arm embedded/4.9 2015q2/bin/../lib/gcc/arm-none-eabi/4.9.3/../../../../arm-none-eabi/lib/armv6-m\libc_nano.a(lib_a-exit.o)
                0x0001b198                exit
 .text.__libc_init_array
                0x0001b1c4       0x4c c:/program files (x86)/gnu tools arm embedded/4.9 2015q2/bin/../lib/gcc/arm-none-eabi/4.9.3/../../../../arm-none-eabi/lib/armv6-m\libc_nano.a(lib_a-init.o)
                0x0001b1c4                __libc_init_array
 .text.memset   0x0001b210       0x10 c:/program files (x86)/gnu tools arm embedded/4.9 2015q2/bin/../lib/gcc/arm-none-eabi/4.9.3/../../../../arm-none-eabi/lib/armv6-m\libc_nano.a(lib_a-memset.o)
                0x0001b210                memset
 .text._exit    0x0001b220        0x4 c:/program files (x86)/gnu tools arm embedded/4.9 2015q2/bin/../lib/gcc/arm-none-eabi/4.9.3/../../../../arm-none-eabi/lib/armv6-m\libnosys.a(_exit.o)
                0x0001b220                _exit
 .text.sd_app_evt_wait
                0x0001b224        0x4 _build/main.o
 .text.sd_ble_gap_scan_start
                0x0001b228        0x4 _build/main.o
 .text.on_sys_evt
                0x0001b22c        0x4 _build/main.o
 .text.startup.main
                0x0001b230       0xf4 _build/main.o
                0x0001b230                main
 .text.application_event_handler
                0x0001b324       0x6c _build/application.o
                0x0001b324                application_event_handler
 .text.mesh_application_run
                0x0001b390       0x98 _build/application.o
                0x0001b390                mesh_application_run
 .text.sd_ble_gap_adv_stop
                0x0001b428        0x4 _build/transport.o
 .text.on_adv_evt
                0x0001b42c        0x4 _build/transport.o
 .text.calc_rssi_min_max
                0x0001b430      0x124 _build/transport.o
 .text.beacon_timer_handler
                0x0001b554       0x84 _build/transport.o
 .text.advertising_change_data
                0x0001b5d8       0xa0 _build/transport.o
                0x0001b5d8                advertising_change_data
 .text.on_ble_evt
                0x0001b678      0x2b8 _build/transport.o
                0x0001b678                on_ble_evt
 .text.create_beacon_timer
                0x0001b930       0x38 _build/transport.o
                0x0001b930                create_beacon_timer
 .text.mesh_transport_run
                0x0001b968      0x138 _build/transport.o
                0x0001b968                mesh_transport_run
 .text.sd_ble_gap_address_get
                0x0001baa0        0x4 _build/ble_advdata.o
 .text.sd_ble_gap_adv_data_set
                0x0001baa4        0x4 _build/ble_advdata.o
 .text.sd_ble_gap_appearance_get
                0x0001baa8        0x4 _build/ble_advdata.o
 .text.sd_ble_gap_device_name_get
                0x0001baac        0x4 _build/ble_advdata.o
 .text.sd_ble_uuid_encode
                0x0001bab0        0x4 _build/ble_advdata.o
 .text.name_encode
                0x0001bab4       0x8c _build/ble_advdata.o
 .text.uuid_list_sized_encode
                0x0001bb40       0xe8 _build/ble_advdata.o
 .text.adv_data_encode
                0x0001bc28      0x550 _build/ble_advdata.o
                0x0001bc28                adv_data_encode
 .text.ble_advdata_set
                0x0001c178      0x508 _build/ble_advdata.o
                0x0001c178                ble_advdata_set
 .text.sd_ble_gap_adv_start
                0x0001c680        0x4 _build/ble_advertising.o
 .text.ble_advertising_init
                0x0001c684      0x148 _build/ble_advertising.o
                0x0001c684                ble_advertising_init
 .text.ble_advertising_start
                0x0001c7cc      0x2c4 _build/ble_advertising.o
                0x0001c7cc                ble_advertising_start
 .text.nrf_drv_common_irq_enable
                0x0001ca90       0x80 _build/nrf_drv_common.o
                0x0001ca90                nrf_drv_common_irq_enable
 .text.GPIOTE_IRQHandler
                0x0001cb10      0x2a8 _build/nrf_drv_gpiote.o
                0x0001cb10                GPIOTE_IRQHandler
 .text.pstorage_access_status_get
                0x0001cdb8       0x28 _build/pstorage.o
                0x0001cdb8                pstorage_access_status_get
 .text.nrf_drv_uart_init
                0x0001cde0      0x120 _build/nrf_drv_uart.o
                0x0001cde0                nrf_drv_uart_init
 .text.nrf_drv_uart_tx
                0x0001cf00       0xb4 _build/nrf_drv_uart.o
                0x0001cf00                nrf_drv_uart_tx
 .text.nrf_drv_uart_tx_in_progress
                0x0001cfb4       0x10 _build/nrf_drv_uart.o
                0x0001cfb4                nrf_drv_uart_tx_in_progress
 .text.nrf_drv_uart_rx
                0x0001cfc4      0x130 _build/nrf_drv_uart.o
                0x0001cfc4                nrf_drv_uart_rx
 .text.nrf_drv_uart_rx_enable
                0x0001d0f4       0x2c _build/nrf_drv_uart.o
                0x0001d0f4                nrf_drv_uart_rx_enable
 .text.UART0_IRQHandler
                0x0001d120      0x1a8 _build/nrf_drv_uart.o
                0x0001d120                UART0_IRQHandler
 .text.app_fifo_init
                0x0001d2c8       0x28 _build/app_fifo.o
                0x0001d2c8                app_fifo_init
 .text.app_fifo_put
                0x0001d2f0       0x28 _build/app_fifo.o
                0x0001d2f0                app_fifo_put
 .text.app_fifo_get
                0x0001d318       0x24 _build/app_fifo.o
                0x0001d318                app_fifo_get
 .text.fs_queued_op_count_get
                0x0001d33c       0x18 _build/fstorage.o
                0x0001d33c                fs_queued_op_count_get
 .text.rtc1_stop
                0x0001d354       0x78 _build/app_timer.o
 .text.RTC1_IRQHandler
                0x0001d3cc       0xdc _build/app_timer.o
                0x0001d3cc                RTC1_IRQHandler
 .text.SWI0_IRQHandler
                0x0001d4a8      0x448 _build/app_timer.o
                0x0001d4a8                SWI0_IRQHandler
 .text.app_timer_init
                0x0001d8f0       0xe4 _build/app_timer.o
                0x0001d8f0                app_timer_init
 .text.app_timer_create
                0x0001d9d4       0x34 _build/app_timer.o
                0x0001d9d4                app_timer_create
 .text.app_timer_start
                0x0001da08       0xf8 _build/app_timer.o
                0x0001da08                app_timer_start
 .text._write   0x0001db00       0x1c _build/retarget.o
                0x0001db00                _write
 .text._read    0x0001db1c       0x14 _build/retarget.o
                0x0001db1c                _read
 .text.uart_event_handler
                0x0001db30       0xc8 _build/app_uart_fifo.o
 .text.app_uart_init
                0x0001dbf8       0xa4 _build/app_uart_fifo.o
                0x0001dbf8                app_uart_init
 .text.app_uart_get
                0x0001dc9c       0x34 _build/app_uart_fifo.o
                0x0001dc9c                app_uart_get
 .text.app_uart_put
                0x0001dcd0       0x40 _build/app_uart_fifo.o
                0x0001dcd0                app_uart_put
 .text.app_error_handler_bare
                0x0001dd10       0x20 _build/app_error.o
                0x0001dd10                app_error_handler_bare
 .text.app_error_fault_handler
                0x0001dd30       0x1c _build/app_error_weak.o
                0x0001dd30                app_error_fault_handler
 .text.uart_error_cb
                0x0001dd4c       0x18 _build/nrf_log.o
                0x0001dd4c                uart_error_cb
 .text.log_uart_init
                0x0001dd64       0x50 _build/nrf_log.o
                0x0001dd64                log_uart_init
 .text.log_uart_printf
                0x0001ddb4       0x18 _build/nrf_log.o
                0x0001ddb4                log_uart_printf
 .text.log_uart_has_input
                0x0001ddcc       0x2c _build/nrf_log.o
                0x0001ddcc                log_uart_has_input
 .text.log_uart_read_input
                0x0001ddf8       0x2c _build/nrf_log.o
                0x0001ddf8                log_uart_read_input
 .text.sd_evt_get
                0x0001de24        0x4 _build/softdevice_handler.o
 .text.sd_softdevice_enable
                0x0001de28        0x4 _build/softdevice_handler.o
 .text.sd_ble_enable
                0x0001de2c        0x4 _build/softdevice_handler.o
 .text.sd_ble_evt_get
                0x0001de30        0x4 _build/softdevice_handler.o
 .text.softdevice_fault_handler
                0x0001de34        0x8 _build/softdevice_handler.o
                0x0001de34                softdevice_fault_handler
 .text.intern_softdevice_events_execute.part.0
                0x0001de3c       0xd8 _build/softdevice_handler.o
 .text.softdevice_handler_init
                0x0001df14       0x7c _build/softdevice_handler.o
                0x0001df14                softdevice_handler_init
 .text.softdevice_ble_evt_handler_set
                0x0001df90       0x14 _build/softdevice_handler.o
                0x0001df90                softdevice_ble_evt_handler_set
 .text.softdevice_sys_evt_handler_set
                0x0001dfa4       0x14 _build/softdevice_handler.o
                0x0001dfa4                softdevice_sys_evt_handler_set
 .text.SWI2_IRQHandler
                0x0001dfb8       0x30 _build/softdevice_handler.o
                0x0001dfb8                SWI2_IRQHandler
 .text.softdevice_enable_get_default_config
                0x0001dfe8       0x30 _build/softdevice_handler.o
                0x0001dfe8                softdevice_enable_get_default_config
 .text.sd_check_ram_start
                0x0001e018       0x14 _build/softdevice_handler.o
                0x0001e018                sd_check_ram_start
 .text.softdevice_enable
                0x0001e02c       0x1c _build/softdevice_handler.o
                0x0001e02c                softdevice_enable
 .text.SystemInit
                0x0001e048       0xec _build/system_nrf51.o
                0x0001e048                SystemInit
 .text          0x0001e134       0x4c _build/gcc_startup_nrf51.o
                0x0001e134                Reset_Handler
                0x0001e174                NMI_Handler
                0x0001e176                HardFault_Handler
                0x0001e178                SVC_Handler
                0x0001e17a                PendSV_Handler
                0x0001e17c                SysTick_Handler
                0x0001e17e                RTC0_IRQHandler
                0x0001e17e                POWER_CLOCK_IRQHandler
                0x0001e17e                SPI0_TWI0_IRQHandler
                0x0001e17e                LPCOMP_IRQHandler
                0x0001e17e                SWI4_IRQHandler
                0x0001e17e                TEMP_IRQHandler
                0x0001e17e                QDEC_IRQHandler
                0x0001e17e                SWI5_IRQHandler
                0x0001e17e                TIMER0_IRQHandler
                0x0001e17e                RADIO_IRQHandler
                0x0001e17e                TIMER1_IRQHandler
                0x0001e17e                ECB_IRQHandler
                0x0001e17e                Default_Handler
                0x0001e17e                ADC_IRQHandler
                0x0001e17e                SWI3_IRQHandler
                0x0001e17e                CCM_AAR_IRQHandler
                0x0001e17e                WDT_IRQHandler
                0x0001e17e                TIMER2_IRQHandler
                0x0001e17e                RNG_IRQHandler
                0x0001e17e                SPI1_TWI1_IRQHandler
                0x0001e17e                SWI1_IRQHandler
 .text          0x0001e180      0x120 c:/program files (x86)/gnu tools arm embedded/4.9 2015q2/bin/../lib/gcc/arm-none-eabi/4.9.3/armv6-m\libgcc.a(_udivsi3.o)
                0x0001e180                __aeabi_uidiv
                0x0001e180                __udivsi3
                0x0001e28c                __aeabi_uidivmod
 .text          0x0001e2a0        0x4 c:/program files (x86)/gnu tools arm embedded/4.9 2015q2/bin/../lib/gcc/arm-none-eabi/4.9.3/armv6-m\libgcc.a(_dvmd_tls.o)
                0x0001e2a0                __aeabi_idiv0
                0x0001e2a0                __aeabi_ldiv0
 .text.memcmp   0x0001e2a4       0x1e c:/program files (x86)/gnu tools arm embedded/4.9 2015q2/bin/../lib/gcc/arm-none-eabi/4.9.3/../../../../arm-none-eabi/lib/armv6-m\libc_nano.a(lib_a-memcmp.o)
                0x0001e2a4                memcmp
 .text.memcpy   0x0001e2c2       0x12 c:/program files (x86)/gnu tools arm embedded/4.9 2015q2/bin/../lib/gcc/arm-none-eabi/4.9.3/../../../../arm-none-eabi/lib/armv6-m\libc_nano.a(lib_a-memcpy.o)
                0x0001e2c2                memcpy
 .text.vprintf  0x0001e2d4       0x2c c:/program files (x86)/gnu tools arm embedded/4.9 2015q2/bin/../lib/gcc/arm-none-eabi/4.9.3/../../../../arm-none-eabi/lib/armv6-m\libc_nano.a(lib_a-vprintf.o)
                0x0001e2d4                viprintf
                0x0001e2d4                vprintf
 .text._cleanup_r
                0x0001e300       0x10 c:/program files (x86)/gnu tools arm embedded/4.9 2015q2/bin/../lib/gcc/arm-none-eabi/4.9.3/../../../../arm-none-eabi/lib/armv6-m\libc_nano.a(lib_a-findfp.o)
                0x0001e300                _cleanup_r
 .text.std.isra.0
                0x0001e310       0x48 c:/program files (x86)/gnu tools arm embedded/4.9 2015q2/bin/../lib/gcc/arm-none-eabi/4.9.3/../../../../arm-none-eabi/lib/armv6-m\libc_nano.a(lib_a-findfp.o)
 .text.__sfmoreglue
                0x0001e358       0x2c c:/program files (x86)/gnu tools arm embedded/4.9 2015q2/bin/../lib/gcc/arm-none-eabi/4.9.3/../../../../arm-none-eabi/lib/armv6-m\libc_nano.a(lib_a-findfp.o)
                0x0001e358                __sfmoreglue
 .text.__sinit  0x0001e384       0x64 c:/program files (x86)/gnu tools arm embedded/4.9 2015q2/bin/../lib/gcc/arm-none-eabi/4.9.3/../../../../arm-none-eabi/lib/armv6-m\libc_nano.a(lib_a-findfp.o)
                0x0001e384                __sinit
 .text.__sfp    0x0001e3e8       0x7c c:/program files (x86)/gnu tools arm embedded/4.9 2015q2/bin/../lib/gcc/arm-none-eabi/4.9.3/../../../../arm-none-eabi/lib/armv6-m\libc_nano.a(lib_a-findfp.o)
                0x0001e3e8                __sfp
 .text._fwalk_reent
                0x0001e464       0x42 c:/program files (x86)/gnu tools arm embedded/4.9 2015q2/bin/../lib/gcc/arm-none-eabi/4.9.3/../../../../arm-none-eabi/lib/armv6-m\libc_nano.a(lib_a-fwalk.o)
                0x0001e464                _fwalk_reent
 *fill*         0x0001e4a6        0x2 
 .text._malloc_r
                0x0001e4a8       0xb0 c:/program files (x86)/gnu tools arm embedded/4.9 2015q2/bin/../lib/gcc/arm-none-eabi/4.9.3/../../../../arm-none-eabi/lib/armv6-m\libc_nano.a(lib_a-nano-mallocr.o)
                0x0001e4a8                _malloc_r
 .text.__sfputc_r
                0x0001e558       0x2a c:/program files (x86)/gnu tools arm embedded/4.9 2015q2/bin/../lib/gcc/arm-none-eabi/4.9.3/../../../../arm-none-eabi/lib/armv6-m\libc_nano.a(lib_a-nano-vfprintf.o)
 .text.__sfputs_r
                0x0001e582       0x24 c:/program files (x86)/gnu tools arm embedded/4.9 2015q2/bin/../lib/gcc/arm-none-eabi/4.9.3/../../../../arm-none-eabi/lib/armv6-m\libc_nano.a(lib_a-nano-vfprintf.o)
                0x0001e582                __sfputs_r
 *fill*         0x0001e5a6        0x2 
 .text._vfprintf_r
                0x0001e5a8      0x220 c:/program files (x86)/gnu tools arm embedded/4.9 2015q2/bin/../lib/gcc/arm-none-eabi/4.9.3/../../../../arm-none-eabi/lib/armv6-m\libc_nano.a(lib_a-nano-vfprintf.o)
                0x0001e5a8                _vfprintf_r
                0x0001e5a8                _vfiprintf_r
 .text._printf_common
                0x0001e7c8       0xdc c:/program files (x86)/gnu tools arm embedded/4.9 2015q2/bin/../lib/gcc/arm-none-eabi/4.9.3/../../../../arm-none-eabi/lib/armv6-m\libc_nano.a(lib_a-nano-vfprintf_i.o)
                0x0001e7c8                _printf_common
 .text._printf_i
                0x0001e8a4      0x230 c:/program files (x86)/gnu tools arm embedded/4.9 2015q2/bin/../lib/gcc/arm-none-eabi/4.9.3/../../../../arm-none-eabi/lib/armv6-m\libc_nano.a(lib_a-nano-vfprintf_i.o)
                0x0001e8a4                _printf_i
 .text._sbrk_r  0x0001ead4       0x24 c:/program files (x86)/gnu tools arm embedded/4.9 2015q2/bin/../lib/gcc/arm-none-eabi/4.9.3/../../../../arm-none-eabi/lib/armv6-m\libc_nano.a(lib_a-sbrkr.o)
                0x0001ead4                _sbrk_r
 .text.__sread  0x0001eaf8       0x28 c:/program files (x86)/gnu tools arm embedded/4.9 2015q2/bin/../lib/gcc/arm-none-eabi/4.9.3/../../../../arm-none-eabi/lib/armv6-m\libc_nano.a(lib_a-stdio.o)
                0x0001eaf8                __sread
 .text.__swrite
                0x0001eb20       0x38 c:/program files (x86)/gnu tools arm embedded/4.9 2015q2/bin/../lib/gcc/arm-none-eabi/4.9.3/../../../../arm-none-eabi/lib/armv6-m\libc_nano.a(lib_a-stdio.o)
                0x0001eb20                __swrite
 .text.__sseek  0x0001eb58       0x2c c:/program files (x86)/gnu tools arm embedded/4.9 2015q2/bin/../lib/gcc/arm-none-eabi/4.9.3/../../../../arm-none-eabi/lib/armv6-m\libc_nano.a(lib_a-stdio.o)
                0x0001eb58                __sseek
 .text.__sclose
                0x0001eb84        0xc c:/program files (x86)/gnu tools arm embedded/4.9 2015q2/bin/../lib/gcc/arm-none-eabi/4.9.3/../../../../arm-none-eabi/lib/armv6-m\libc_nano.a(lib_a-stdio.o)
                0x0001eb84                __sclose
 .text.__swbuf_r
                0x0001eb90       0xb0 c:/program files (x86)/gnu tools arm embedded/4.9 2015q2/bin/../lib/gcc/arm-none-eabi/4.9.3/../../../../arm-none-eabi/lib/armv6-m\libc_nano.a(lib_a-wbuf.o)
                0x0001eb90                __swbuf_r
 .text._write_r
                0x0001ec40       0x28 c:/program files (x86)/gnu tools arm embedded/4.9 2015q2/bin/../lib/gcc/arm-none-eabi/4.9.3/../../../../arm-none-eabi/lib/armv6-m\libc_nano.a(lib_a-writer.o)
                0x0001ec40                _write_r
 .text.__swsetup_r
                0x0001ec68       0xe8 c:/program files (x86)/gnu tools arm embedded/4.9 2015q2/bin/../lib/gcc/arm-none-eabi/4.9.3/../../../../arm-none-eabi/lib/armv6-m\libc_nano.a(lib_a-wsetup.o)
                0x0001ec68                __swsetup_r
 .text._close_r
                0x0001ed50       0x24 c:/program files (x86)/gnu tools arm embedded/4.9 2015q2/bin/../lib/gcc/arm-none-eabi/4.9.3/../../../../arm-none-eabi/lib/armv6-m\libc_nano.a(lib_a-closer.o)
                0x0001ed50                _close_r
 .text.__sflush_r
                0x0001ed74      0x112 c:/program files (x86)/gnu tools arm embedded/4.9 2015q2/bin/../lib/gcc/arm-none-eabi/4.9.3/../../../../arm-none-eabi/lib/armv6-m\libc_nano.a(lib_a-fflush.o)
                0x0001ed74                __sflush_r
 *fill*         0x0001ee86        0x2 
 .text._fflush_r
                0x0001ee88       0x58 c:/program files (x86)/gnu tools arm embedded/4.9 2015q2/bin/../lib/gcc/arm-none-eabi/4.9.3/../../../../arm-none-eabi/lib/armv6-m\libc_nano.a(lib_a-fflush.o)
                0x0001ee88                _fflush_r
 .text._lseek_r
                0x0001eee0       0x28 c:/program files (x86)/gnu tools arm embedded/4.9 2015q2/bin/../lib/gcc/arm-none-eabi/4.9.3/../../../../arm-none-eabi/lib/armv6-m\libc_nano.a(lib_a-lseekr.o)
                0x0001eee0                _lseek_r
 .text.__smakebuf_r
                0x0001ef08       0xb0 c:/program files (x86)/gnu tools arm embedded/4.9 2015q2/bin/../lib/gcc/arm-none-eabi/4.9.3/../../../../arm-none-eabi/lib/armv6-m\libc_nano.a(lib_a-makebuf.o)
                0x0001ef08                __smakebuf_r
 .text.memchr   0x0001efb8       0x16 c:/program files (x86)/gnu tools arm embedded/4.9 2015q2/bin/../lib/gcc/arm-none-eabi/4.9.3/../../../../arm-none-eabi/lib/armv6-m\libc_nano.a(lib_a-memchr.o)
                0x0001efb8                memchr
 *fill*         0x0001efce        0x2 
 .text._free_r  0x0001efd0       0x8c c:/program files (x86)/gnu tools arm embedded/4.9 2015q2/bin/../lib/gcc/arm-none-eabi/4.9.3/../../../../arm-none-eabi/lib/armv6-m\libc_nano.a(lib_a-nano-freer.o)
                0x0001efd0                _free_r
 .text._read_r  0x0001f05c       0x28 c:/program files (x86)/gnu tools arm embedded/4.9 2015q2/bin/../lib/gcc/arm-none-eabi/4.9.3/../../../../arm-none-eabi/lib/armv6-m\libc_nano.a(lib_a-readr.o)
                0x0001f05c                _read_r
 .text._fstat_r
                0x0001f084       0x24 c:/program files (x86)/gnu tools arm embedded/4.9 2015q2/bin/../lib/gcc/arm-none-eabi/4.9.3/../../../../arm-none-eabi/lib/armv6-m\libc_nano.a(lib_a-fstatr.o)
                0x0001f084                _fstat_r
 .text._isatty_r
                0x0001f0a8       0x24 c:/program files (x86)/gnu tools arm embedded/4.9 2015q2/bin/../lib/gcc/arm-none-eabi/4.9.3/../../../../arm-none-eabi/lib/armv6-m\libc_nano.a(lib_a-isattyr.o)
                0x0001f0a8                _isatty_r
 .text._close   0x0001f0cc       0x10 c:/program files (x86)/gnu tools arm embedded/4.9 2015q2/bin/../lib/gcc/arm-none-eabi/4.9.3/../../../../arm-none-eabi/lib/armv6-m\libnosys.a(close.o)
                0x0001f0cc                _close
 .text._fstat   0x0001f0dc       0x10 c:/program files (x86)/gnu tools arm embedded/4.9 2015q2/bin/../lib/gcc/arm-none-eabi/4.9.3/../../../../arm-none-eabi/lib/armv6-m\libnosys.a(fstat.o)
                0x0001f0dc                _fstat
 .text._isatty  0x0001f0ec       0x10 c:/program files (x86)/gnu tools arm embedded/4.9 2015q2/bin/../lib/gcc/arm-none-eabi/4.9.3/../../../../arm-none-eabi/lib/armv6-m\libnosys.a(isatty.o)
                0x0001f0ec                _isatty
 .text._lseek   0x0001f0fc       0x10 c:/program files (x86)/gnu tools arm embedded/4.9 2015q2/bin/../lib/gcc/arm-none-eabi/4.9.3/../../../../arm-none-eabi/lib/armv6-m\libnosys.a(lseek.o)
                0x0001f0fc                _lseek
 .text._sbrk    0x0001f10c       0x1c c:/program files (x86)/gnu tools arm embedded/4.9 2015q2/bin/../lib/gcc/arm-none-eabi/4.9.3/../../../../arm-none-eabi/lib/armv6-m\libnosys.a(sbrk.o)
                0x0001f10c                _sbrk
 *(.init)
 .init          0x0001f128        0x4 c:/program files (x86)/gnu tools arm embedded/4.9 2015q2/bin/../lib/gcc/arm-none-eabi/4.9.3/armv6-m/crti.o
                0x0001f128                _init
 .init          0x0001f12c        0x8 c:/program files (x86)/gnu tools arm embedded/4.9 2015q2/bin/../lib/gcc/arm-none-eabi/4.9.3/armv6-m/crtn.o
 *(.fini)
 .fini          0x0001f134        0x4 c:/program files (x86)/gnu tools arm embedded/4.9 2015q2/bin/../lib/gcc/arm-none-eabi/4.9.3/armv6-m/crti.o
                0x0001f134                _fini
 .fini          0x0001f138        0x8 c:/program files (x86)/gnu tools arm embedded/4.9 2015q2/bin/../lib/gcc/arm-none-eabi/4.9.3/armv6-m/crtn.o
 *crtbegin.o(.ctors)
 *crtbegin?.o(.ctors)
 *(EXCLUDE_FILE(*crtend.o *crtend?.o) .ctors)
 *(SORT(.ctors.*))
 *(.ctors)
 *crtbegin.o(.dtors)
 *crtbegin?.o(.dtors)
 *(EXCLUDE_FILE(*crtend.o *crtend?.o) .dtors)
 *(SORT(.dtors.*))
 *(.dtors)
 *(.rodata*)
 .rodata.str1.1
                0x0001f140        0x2 c:/program files (x86)/gnu tools arm embedded/4.9 2015q2/bin/../lib/gcc/arm-none-eabi/4.9.3/../../../../arm-none-eabi/lib/armv6-m\libc_nano.a(lib_a-impure.o)
 *fill*         0x0001f142        0x2 
 .rodata._global_impure_ptr
                0x0001f144        0x4 c:/program files (x86)/gnu tools arm embedded/4.9 2015q2/bin/../lib/gcc/arm-none-eabi/4.9.3/../../../../arm-none-eabi/lib/armv6-m\libc_nano.a(lib_a-impure.o)
                0x0001f144                _global_impure_ptr
 .rodata        0x0001f148        0x4 _build/main.o
 .rodata.str1.4
                0x0001f14c       0x1a _build/main.o
 *fill*         0x0001f166        0x2 
 .rodata.str1.4
                0x0001f168       0x9e _build/application.o
 *fill*         0x0001f206        0x2 
 .rodata        0x0001f208        0x7 _build/transport.o
 *fill*         0x0001f20f        0x1 
 .rodata.str1.4
                0x0001f210       0x4c _build/transport.o
 .rodata.beacon_refresh_id
                0x0001f25c        0x4 _build/transport.o
 .rodata.m_default_config
                0x0001f260       0x20 _build/nrf_drv_uart.o
 .rodata        0x0001f280       0x20 _build/app_uart_fifo.o
 .rodata        0x0001f2a0        0xc _build/nrf_log.o
 .rodata.__sf_fake_stdin
                0x0001f2ac       0x20 c:/program files (x86)/gnu tools arm embedded/4.9 2015q2/bin/../lib/gcc/arm-none-eabi/4.9.3/../../../../arm-none-eabi/lib/armv6-m\libc_nano.a(lib_a-findfp.o)
                0x0001f2ac                __sf_fake_stdin
 .rodata.__sf_fake_stdout
                0x0001f2cc       0x20 c:/program files (x86)/gnu tools arm embedded/4.9 2015q2/bin/../lib/gcc/arm-none-eabi/4.9.3/../../../../arm-none-eabi/lib/armv6-m\libc_nano.a(lib_a-findfp.o)
                0x0001f2cc                __sf_fake_stdout
 .rodata.__sf_fake_stderr
                0x0001f2ec       0x20 c:/program files (x86)/gnu tools arm embedded/4.9 2015q2/bin/../lib/gcc/arm-none-eabi/4.9.3/../../../../arm-none-eabi/lib/armv6-m\libc_nano.a(lib_a-findfp.o)
                0x0001f2ec                __sf_fake_stderr
 .rodata.str1.1
                0x0001f30c       0x11 c:/program files (x86)/gnu tools arm embedded/4.9 2015q2/bin/../lib/gcc/arm-none-eabi/4.9.3/../../../../arm-none-eabi/lib/armv6-m\libc_nano.a(lib_a-nano-vfprintf.o)
 .rodata.str1.1
                0x0001f31d       0x22 c:/program files (x86)/gnu tools arm embedded/4.9 2015q2/bin/../lib/gcc/arm-none-eabi/4.9.3/../../../../arm-none-eabi/lib/armv6-m\libc_nano.a(lib_a-nano-vfprintf_i.o)
 *(.eh_frame*)
 *fill*         0x0001f33f        0x1 
 .eh_frame      0x0001f340        0x0 c:/program files (x86)/gnu tools arm embedded/4.9 2015q2/bin/../lib/gcc/arm-none-eabi/4.9.3/armv6-m/crtbegin.o
 .eh_frame      0x0001f340        0x4 c:/program files (x86)/gnu tools arm embedded/4.9 2015q2/bin/../lib/gcc/arm-none-eabi/4.9.3/armv6-m/crtend.o

.glue_7         0x0001f344        0x0
 .glue_7        0x00000000        0x0 linker stubs

.glue_7t        0x0001f344        0x0
 .glue_7t       0x00000000        0x0 linker stubs

.vfp11_veneer   0x0001f344        0x0
 .vfp11_veneer  0x00000000        0x0 linker stubs

.v4_bx          0x0001f344        0x0
 .v4_bx         0x00000000        0x0 linker stubs

.iplt           0x0001f344        0x0
 .iplt          0x00000000        0x0 c:/program files (x86)/gnu tools arm embedded/4.9 2015q2/bin/../lib/gcc/arm-none-eabi/4.9.3/armv6-m/crtbegin.o

.ARM.extab
 *(.ARM.extab* .gnu.linkonce.armextab.*)
                0x0001f344                __exidx_start = .

.ARM.exidx      0x0001f344        0x8
 *(.ARM.exidx* .gnu.linkonce.armexidx.*)
 .ARM.exidx     0x0001f344        0x8 c:/program files (x86)/gnu tools arm embedded/4.9 2015q2/bin/../lib/gcc/arm-none-eabi/4.9.3/../../../../arm-none-eabi/lib/armv6-m/crt0.o
                0x0001f34c                __exidx_end = .
                0x0001f34c                __etext = .

.rel.dyn        0x0001f34c        0x0
 .rel.iplt      0x00000000        0x0 c:/program files (x86)/gnu tools arm embedded/4.9 2015q2/bin/../lib/gcc/arm-none-eabi/4.9.3/armv6-m/crtbegin.o

.data           0x20001eb0       0x74 load address 0x0001f34c
                0x20001eb0                __data_start__ = .
 *(vtable)
 *(.data*)
 .data.impure_data
                0x20001eb0       0x60 c:/program files (x86)/gnu tools arm embedded/4.9 2015q2/bin/../lib/gcc/arm-none-eabi/4.9.3/../../../../arm-none-eabi/lib/armv6-m\libc_nano.a(lib_a-impure.o)
 .data._impure_ptr
                0x20001f10        0x4 c:/program files (x86)/gnu tools arm embedded/4.9 2015q2/bin/../lib/gcc/arm-none-eabi/4.9.3/../../../../arm-none-eabi/lib/armv6-m\libc_nano.a(lib_a-impure.o)
                0x20001f10                _impure_ptr
 .data.min_rssi
                0x20001f14        0x1 _build/transport.o
                0x20001f18                . = ALIGN (0x4)
 *fill*         0x20001f15        0x3 
                0x20001f18                PROVIDE (__preinit_array_start, .)
 *(.preinit_array)
                0x20001f18                PROVIDE (__preinit_array_end, .)
                0x20001f18                . = ALIGN (0x4)
                0x20001f18                PROVIDE (__init_array_start, .)
 *(SORT(.init_array.*))
 *(.init_array)
 .init_array    0x20001f18        0x4 c:/program files (x86)/gnu tools arm embedded/4.9 2015q2/bin/../lib/gcc/arm-none-eabi/4.9.3/armv6-m/crtbegin.o
                0x20001f1c                PROVIDE (__init_array_end, .)
                0x20001f1c                . = ALIGN (0x4)
                0x20001f1c                PROVIDE (__fini_array_start, .)
 *(SORT(.fini_array.*))
 *(.fini_array)
 .fini_array    0x20001f1c        0x4 c:/program files (x86)/gnu tools arm embedded/4.9 2015q2/bin/../lib/gcc/arm-none-eabi/4.9.3/armv6-m/crtbegin.o
                0x20001f20                PROVIDE (__fini_array_end, .)
 *(.jcr*)
 .jcr           0x20001f20        0x0 c:/program files (x86)/gnu tools arm embedded/4.9 2015q2/bin/../lib/gcc/arm-none-eabi/4.9.3/armv6-m/crtbegin.o
 .jcr           0x20001f20        0x4 c:/program files (x86)/gnu tools arm embedded/4.9 2015q2/bin/../lib/gcc/arm-none-eabi/4.9.3/armv6-m/crtend.o
                0x20001f24                . = ALIGN (0x4)
                0x20001f24                __data_end__ = .
LOAD c:/program files (x86)/gnu tools arm embedded/4.9 2015q2/bin/../lib/gcc/arm-none-eabi/4.9.3/armv6-m/crti.o
LOAD c:/program files (x86)/gnu tools arm embedded/4.9 2015q2/bin/../lib/gcc/arm-none-eabi/4.9.3/armv6-m/crtbegin.o
LOAD c:/program files (x86)/gnu tools arm embedded/4.9 2015q2/bin/../lib/gcc/arm-none-eabi/4.9.3/../../../../arm-none-eabi/lib/armv6-m/crt0.o
LOAD c:/program files (x86)/gnu tools arm embedded/4.9 2015q2/bin/../lib/gcc/arm-none-eabi/4.9.3/../../../../arm-none-eabi/lib/armv6-m\libc_nano.a
LOAD c:/program files (x86)/gnu tools arm embedded/4.9 2015q2/bin/../lib/gcc/arm-none-eabi/4.9.3/../../../../arm-none-eabi/lib/armv6-m\libnosys.a
LOAD _build/main.o
LOAD _build/application.o
LOAD _build/transport.o
LOAD _build/bsp.o
LOAD _build/bsp_btn_ble.o
LOAD _build/ble_advdata.o
LOAD _build/ble_conn_params.o
LOAD _build/ble_advertising.o
LOAD _build/ble_srv_common.o
LOAD _build/ble_db_discovery.o
LOAD _build/device_manager_central.o
LOAD _build/nrf_drv_clock.o
LOAD _build/nrf_drv_common.o
LOAD _build/nrf_delay.o
LOAD _build/nrf_drv_gpiote.o
LOAD _build/pstorage.o
LOAD _build/nrf_drv_uart.o
LOAD _build/app_button.o
LOAD _build/app_fifo.o
LOAD _build/fstorage.o
LOAD _build/app_timer.o
LOAD _build/app_trace.o
LOAD _build/retarget.o
LOAD _build/app_uart_fifo.o
LOAD _build/app_error.o
LOAD _build/app_error_weak.o
LOAD _build/app_util_platform.o
LOAD _build/nrf_assert.o
LOAD _build/nrf_log.o
LOAD _build/softdevice_handler.o
LOAD _build/system_nrf51.o
LOAD _build/RTT_Syscalls_GCC.o
LOAD _build/SEGGER_RTT.o
LOAD _build/SEGGER_RTT_printf.o
LOAD _build/gcc_startup_nrf51.o
LOAD c:/program files (x86)/gnu tools arm embedded/4.9 2015q2/bin/../lib/gcc/arm-none-eabi/4.9.3/../../../../arm-none-eabi/lib/armv6-m\libm.a
START GROUP
LOAD c:/program files (x86)/gnu tools arm embedded/4.9 2015q2/bin/../lib/gcc/arm-none-eabi/4.9.3/armv6-m\libgcc.a
LOAD c:/program files (x86)/gnu tools arm embedded/4.9 2015q2/bin/../lib/gcc/arm-none-eabi/4.9.3/../../../../arm-none-eabi/lib/armv6-m\libc_nano.a
END GROUP
START GROUP
LOAD c:/program files (x86)/gnu tools arm embedded/4.9 2015q2/bin/../lib/gcc/arm-none-eabi/4.9.3/armv6-m\libgcc.a
LOAD c:/program files (x86)/gnu tools arm embedded/4.9 2015q2/bin/../lib/gcc/arm-none-eabi/4.9.3/../../../../arm-none-eabi/lib/armv6-m\libc_nano.a
END GROUP
LOAD c:/program files (x86)/gnu tools arm embedded/4.9 2015q2/bin/../lib/gcc/arm-none-eabi/4.9.3/armv6-m/crtend.o
LOAD c:/program files (x86)/gnu tools arm embedded/4.9 2015q2/bin/../lib/gcc/arm-none-eabi/4.9.3/armv6-m/crtn.o
START GROUP
LOAD c:/program files (x86)/gnu tools arm embedded/4.9 2015q2/bin/../lib/gcc/arm-none-eabi/4.9.3/armv6-m\libgcc.a
LOAD c:/program files (x86)/gnu tools arm embedded/4.9 2015q2/bin/../lib/gcc/arm-none-eabi/4.9.3/../../../../arm-none-eabi/lib/armv6-m\libc.a
LOAD c:/program files (x86)/gnu tools arm embedded/4.9 2015q2/bin/../lib/gcc/arm-none-eabi/4.9.3/../../../../arm-none-eabi/lib/armv6-m\libnosys.a
END GROUP

.igot.plt       0x20001f24        0x0 load address 0x0001f3c0
 .igot.plt      0x00000000        0x0 c:/program files (x86)/gnu tools arm embedded/4.9 2015q2/bin/../lib/gcc/arm-none-eabi/4.9.3/armv6-m/crtbegin.o

.fs_data        0x20001f24        0x0
                0x20001f24                PROVIDE (__start_fs_data, .)
 *(.fs_data)
                0x20001f24                PROVIDE (__stop_fs_data, .)

.bss            0x20001f24      0x7b0 load address 0x0001f3c0
                0x20001f24                . = ALIGN (0x4)
                0x20001f24                __bss_start__ = .
 *(.bss*)
 .bss           0x20001f24       0x1c c:/program files (x86)/gnu tools arm embedded/4.9 2015q2/bin/../lib/gcc/arm-none-eabi/4.9.3/armv6-m/crtbegin.o
 .bss.BLE_EVT_BUFFER.8273
                0x20001f40       0x48 _build/main.o
 .bss.APP_TIMER_BUF.8296
                0x20001f88      0x138 _build/main.o
 .bss.m_scan_param
                0x200020c0       0x10 _build/main.o
 .bss.min_index
                0x200020d0        0x1 _build/transport.o
                0x200020d0                min_index
 .bss.numberOfElements
                0x200020d1        0x1 _build/transport.o
                0x200020d1                numberOfElements
 .bss.max_rssi  0x200020d2        0x1 _build/transport.o
 *fill*         0x200020d3        0x1 
 .bss.advdata   0x200020d4       0x38 _build/transport.o
 .bss.time_counter
                0x2000210c        0x3 _build/transport.o
 *fill*         0x2000210f        0x1 
 .bss.options   0x20002110       0x24 _build/transport.o
                0x20002110                options
 .bss.max_index
                0x20002134        0x1 _build/transport.o
 *fill*         0x20002135        0x3 
 .bss.beacon_refresh_id_data
                0x20002138       0x20 _build/transport.o
 .bss.payload   0x20002158        0xf _build/transport.o
 .bss.isMinChanged
                0x20002167        0x1 _build/transport.o
 .bss.m_manuf_specific_data
                0x20002168        0xc _build/ble_advertising.o
 .bss.m_evt_handler
                0x20002174        0x4 _build/ble_advertising.o
 .bss.m_advertising_start_pending
                0x20002178        0x1 _build/ble_advertising.o
 *fill*         0x20002179        0x3 
 .bss.m_manuf_data_array
                0x2000217c       0x1f _build/ble_advertising.o
 .bss.m_whitelist_temporarily_disabled
                0x2000219b        0x1 _build/ble_advertising.o
 .bss.m_error_handler
                0x2000219c        0x4 _build/ble_advertising.o
 .bss.m_peer_address
                0x200021a0        0x7 _build/ble_advertising.o
 *fill*         0x200021a7        0x1 
 .bss.m_adv_modes_config
                0x200021a8       0x24 _build/ble_advertising.o
 .bss.mp_whitelist_addr
                0x200021cc       0x20 _build/ble_advertising.o
 .bss.m_tx_power_level
                0x200021ec        0x1 _build/ble_advertising.o
 *fill*         0x200021ed        0x3 
 .bss.m_whitelist
                0x200021f0       0x10 _build/ble_advertising.o
 .bss.m_service_data_array
                0x20002200       0x1f _build/ble_advertising.o
 .bss.m_whitelist_reply_expected
                0x2000221f        0x1 _build/ble_advertising.o
 .bss.mp_whitelist_irk
                0x20002220       0x20 _build/ble_advertising.o
 .bss.m_slave_conn_int
                0x20002240        0x4 _build/ble_advertising.o
 .bss.m_peer_addr_reply_expected
                0x20002244        0x1 _build/ble_advertising.o
 *fill*         0x20002245        0x3 
 .bss.m_service_data
                0x20002248        0xc _build/ble_advertising.o
 .bss.m_adv_evt
                0x20002254        0x1 _build/ble_advertising.o
 *fill*         0x20002255        0x3 
 .bss.m_cb      0x20002258       0x48 _build/nrf_drv_gpiote.o
 .bss.m_cmd_queue
                0x200022a0       0xcc _build/pstorage.o
 .bss.m_flags   0x2000236c        0x4 _build/pstorage.o
 .bss.m_cb      0x20002370       0x1c _build/nrf_drv_uart.o
 .bss.m_queue   0x2000238c       0x58 _build/fstorage.o
 .bss.m_ticks_latest
                0x200023e4        0x4 _build/app_timer.o
 .bss.mp_timer_id_head
                0x200023e8        0x4 _build/app_timer.o
 .bss.m_evt_schedule_func
                0x200023ec        0x4 _build/app_timer.o
 .bss.m_user_array_size
                0x200023f0        0x1 _build/app_timer.o
 *fill*         0x200023f1        0x3 
 .bss.mp_users  0x200023f4        0x4 _build/app_timer.o
 .bss.m_ticks_elapsed_q_read_ind
                0x200023f8        0x1 _build/app_timer.o
 .bss.m_ticks_elapsed_q_write_ind
                0x200023f9        0x1 _build/app_timer.o
 .bss.m_rtc1_reset
                0x200023fa        0x1 _build/app_timer.o
 *fill*         0x200023fb        0x1 
 .bss.m_ticks_elapsed
                0x200023fc        0x8 _build/app_timer.o
 .bss.m_rtc1_running
                0x20002404        0x1 _build/app_timer.o
 *fill*         0x20002405        0x3 
 .bss.tx_buffer
                0x20002408        0x1 _build/app_uart_fifo.o
 *fill*         0x20002409        0x3 
 .bss.m_event_handler
                0x2000240c        0x4 _build/app_uart_fifo.o
 .bss.rx_buffer
                0x20002410        0x1 _build/app_uart_fifo.o
 *fill*         0x20002411        0x3 
 .bss.m_tx_fifo
                0x20002414       0x10 _build/app_uart_fifo.o
 .bss.m_rx_fifo
                0x20002424       0x10 _build/app_uart_fifo.o
 .bss.initialized.6581
                0x20002434        0x1 _build/nrf_log.o
 *fill*         0x20002435        0x3 
 .bss.tx_buf.6586
                0x20002438      0x200 _build/nrf_log.o
 .bss.m_uart_has_input
                0x20002638        0x1 _build/nrf_log.o
 .bss.m_uart_data
                0x20002639        0x1 _build/nrf_log.o
 *fill*         0x2000263a        0x2 
 .bss.rx_buf.6585
                0x2000263c        0x1 _build/nrf_log.o
 .bss.m_softdevice_enabled
                0x2000263d        0x1 _build/softdevice_handler.o
 .bss.m_ble_evt_buffer_size
                0x2000263e        0x2 _build/softdevice_handler.o
 .bss.mp_ble_evt_buffer
                0x20002640        0x4 _build/softdevice_handler.o
 .bss.m_sys_evt_handler
                0x20002644        0x4 _build/softdevice_handler.o
 .bss.m_ble_evt_handler
                0x20002648        0x4 _build/softdevice_handler.o
 .bss.m_evt_schedule_func
                0x2000264c        0x4 _build/softdevice_handler.o
 .bss.__malloc_sbrk_start
                0x20002650        0x4 c:/program files (x86)/gnu tools arm embedded/4.9 2015q2/bin/../lib/gcc/arm-none-eabi/4.9.3/../../../../arm-none-eabi/lib/armv6-m\libc_nano.a(lib_a-nano-mallocr.o)
                0x20002650                __malloc_sbrk_start
 .bss.__malloc_free_list
                0x20002654        0x4 c:/program files (x86)/gnu tools arm embedded/4.9 2015q2/bin/../lib/gcc/arm-none-eabi/4.9.3/../../../../arm-none-eabi/lib/armv6-m\libc_nano.a(lib_a-nano-mallocr.o)
                0x20002654                __malloc_free_list
 .bss.heap_end.4079
                0x20002658        0x4 c:/program files (x86)/gnu tools arm embedded/4.9 2015q2/bin/../lib/gcc/arm-none-eabi/4.9.3/../../../../arm-none-eabi/lib/armv6-m\libnosys.a(sbrk.o)
 *(COMMON)
 COMMON         0x2000265c       0x30 _build/transport.o
                0x2000265c                manuf_data
                0x20002668                beacons
 COMMON         0x2000268c       0x39 _build/ble_advertising.o
                0x2000268c                m_advdata
                0x200026c4                m_adv_mode_current
 *fill*         0x200026c5        0x3 
 COMMON         0x200026c8        0x8 _build/softdevice_handler.o
                0x200026c8                nrf_nvic_state
 COMMON         0x200026d0        0x4 c:/program files (x86)/gnu tools arm embedded/4.9 2015q2/bin/../lib/gcc/arm-none-eabi/4.9.3/../../../../arm-none-eabi/lib/armv6-m\libc_nano.a(lib_a-reent.o)
                0x200026d0                errno
                0x200026d4                . = ALIGN (0x4)
                0x200026d4                __bss_end__ = .

.heap           0x200026d8        0x0
                0x200026d8                __end__ = .
                0x200026d8                PROVIDE (end, .)
 *(.heap*)
 .heap          0x200026d8        0x0 _build/gcc_startup_nrf51.o
                0x200026d8                __HeapLimit = .

.stack_dummy    0x200026d8      0x800
 *(.stack*)
 .stack         0x200026d8      0x800 _build/gcc_startup_nrf51.o
                0x20006000                __StackTop = (ORIGIN (RAM) + 0x4150)
                0x20005800                __StackLimit = (__StackTop - SIZEOF (.stack_dummy))
                0x20006000                PROVIDE (__stack, __StackTop)
                0x00000001                ASSERT ((__StackLimit >= __HeapLimit), region RAM overflowed with stack)
OUTPUT(_build/nrf51422_xxac_s130.out elf32-littlearm)

.ARM.attributes
                0x00000000       0x28
 .ARM.attributes
                0x00000000       0x1e c:/program files (x86)/gnu tools arm embedded/4.9 2015q2/bin/../lib/gcc/arm-none-eabi/4.9.3/armv6-m/crti.o
 .ARM.attributes
                0x0000001e       0x2c c:/program files (x86)/gnu tools arm embedded/4.9 2015q2/bin/../lib/gcc/arm-none-eabi/4.9.3/armv6-m/crtbegin.o
 .ARM.attributes
                0x0000004a       0x1b c:/program files (x86)/gnu tools arm embedded/4.9 2015q2/bin/../lib/gcc/arm-none-eabi/4.9.3/../../../../arm-none-eabi/lib/armv6-m/crt0.o
 .ARM.attributes
                0x00000065       0x2c c:/program files (x86)/gnu tools arm embedded/4.9 2015q2/bin/../lib/gcc/arm-none-eabi/4.9.3/../../../../arm-none-eabi/lib/armv6-m\libc_nano.a(lib_a-exit.o)
 .ARM.attributes
                0x00000091       0x2c c:/program files (x86)/gnu tools arm embedded/4.9 2015q2/bin/../lib/gcc/arm-none-eabi/4.9.3/../../../../arm-none-eabi/lib/armv6-m\libc_nano.a(lib_a-impure.o)
 .ARM.attributes
                0x000000bd       0x2c c:/program files (x86)/gnu tools arm embedded/4.9 2015q2/bin/../lib/gcc/arm-none-eabi/4.9.3/../../../../arm-none-eabi/lib/armv6-m\libc_nano.a(lib_a-init.o)
 .ARM.attributes
                0x000000e9       0x2c c:/program files (x86)/gnu tools arm embedded/4.9 2015q2/bin/../lib/gcc/arm-none-eabi/4.9.3/../../../../arm-none-eabi/lib/armv6-m\libc_nano.a(lib_a-memset.o)
 .ARM.attributes
                0x00000115       0x2c c:/program files (x86)/gnu tools arm embedded/4.9 2015q2/bin/../lib/gcc/arm-none-eabi/4.9.3/../../../../arm-none-eabi/lib/armv6-m\libnosys.a(_exit.o)
 .ARM.attributes
                0x00000141       0x31 _build/main.o
 .ARM.attributes
                0x00000172       0x31 _build/application.o
 .ARM.attributes
                0x000001a3       0x31 _build/transport.o
 .ARM.attributes
                0x000001d4       0x31 _build/ble_advdata.o
 .ARM.attributes
                0x00000205       0x31 _build/ble_advertising.o
 .ARM.attributes
                0x00000236       0x31 _build/nrf_drv_common.o
 .ARM.attributes
                0x00000267       0x31 _build/nrf_drv_gpiote.o
 .ARM.attributes
                0x00000298       0x31 _build/pstorage.o
 .ARM.attributes
                0x000002c9       0x31 _build/nrf_drv_uart.o
 .ARM.attributes
                0x000002fa       0x31 _build/app_fifo.o
 .ARM.attributes
                0x0000032b       0x31 _build/fstorage.o
 .ARM.attributes
                0x0000035c       0x31 _build/app_timer.o
 .ARM.attributes
                0x0000038d       0x31 _build/retarget.o
 .ARM.attributes
                0x000003be       0x31 _build/app_uart_fifo.o
 .ARM.attributes
                0x000003ef       0x31 _build/app_error.o
 .ARM.attributes
                0x00000420       0x31 _build/app_error_weak.o
 .ARM.attributes
                0x00000451       0x31 _build/nrf_log.o
 .ARM.attributes
                0x00000482       0x31 _build/softdevice_handler.o
 .ARM.attributes
                0x000004b3       0x31 _build/system_nrf51.o
 .ARM.attributes
                0x000004e4       0x1b _build/gcc_startup_nrf51.o
 .ARM.attributes
                0x000004ff       0x1e c:/program files (x86)/gnu tools arm embedded/4.9 2015q2/bin/../lib/gcc/arm-none-eabi/4.9.3/armv6-m\libgcc.a(_udivsi3.o)
 .ARM.attributes
                0x0000051d       0x1e c:/program files (x86)/gnu tools arm embedded/4.9 2015q2/bin/../lib/gcc/arm-none-eabi/4.9.3/armv6-m\libgcc.a(_dvmd_tls.o)
 .ARM.attributes
                0x0000053b       0x2c c:/program files (x86)/gnu tools arm embedded/4.9 2015q2/bin/../lib/gcc/arm-none-eabi/4.9.3/../../../../arm-none-eabi/lib/armv6-m\libc_nano.a(lib_a-memcmp.o)
 .ARM.attributes
                0x00000567       0x2c c:/program files (x86)/gnu tools arm embedded/4.9 2015q2/bin/../lib/gcc/arm-none-eabi/4.9.3/../../../../arm-none-eabi/lib/armv6-m\libc_nano.a(lib_a-memcpy.o)
 .ARM.attributes
                0x00000593       0x2c c:/program files (x86)/gnu tools arm embedded/4.9 2015q2/bin/../lib/gcc/arm-none-eabi/4.9.3/../../../../arm-none-eabi/lib/armv6-m\libc_nano.a(lib_a-vprintf.o)
 .ARM.attributes
                0x000005bf       0x2c c:/program files (x86)/gnu tools arm embedded/4.9 2015q2/bin/../lib/gcc/arm-none-eabi/4.9.3/../../../../arm-none-eabi/lib/armv6-m\libc_nano.a(lib_a-findfp.o)
 .ARM.attributes
                0x000005eb       0x2c c:/program files (x86)/gnu tools arm embedded/4.9 2015q2/bin/../lib/gcc/arm-none-eabi/4.9.3/../../../../arm-none-eabi/lib/armv6-m\libc_nano.a(lib_a-fwalk.o)
 .ARM.attributes
                0x00000617       0x2c c:/program files (x86)/gnu tools arm embedded/4.9 2015q2/bin/../lib/gcc/arm-none-eabi/4.9.3/../../../../arm-none-eabi/lib/armv6-m\libc_nano.a(lib_a-nano-mallocr.o)
 .ARM.attributes
                0x00000643       0x2c c:/program files (x86)/gnu tools arm embedded/4.9 2015q2/bin/../lib/gcc/arm-none-eabi/4.9.3/../../../../arm-none-eabi/lib/armv6-m\libc_nano.a(lib_a-nano-vfprintf.o)
 .ARM.attributes
                0x0000066f       0x2c c:/program files (x86)/gnu tools arm embedded/4.9 2015q2/bin/../lib/gcc/arm-none-eabi/4.9.3/../../../../arm-none-eabi/lib/armv6-m\libc_nano.a(lib_a-nano-vfprintf_i.o)
 .ARM.attributes
                0x0000069b       0x2c c:/program files (x86)/gnu tools arm embedded/4.9 2015q2/bin/../lib/gcc/arm-none-eabi/4.9.3/../../../../arm-none-eabi/lib/armv6-m\libc_nano.a(lib_a-sbrkr.o)
 .ARM.attributes
                0x000006c7       0x2c c:/program files (x86)/gnu tools arm embedded/4.9 2015q2/bin/../lib/gcc/arm-none-eabi/4.9.3/../../../../arm-none-eabi/lib/armv6-m\libc_nano.a(lib_a-stdio.o)
 .ARM.attributes
                0x000006f3       0x2c c:/program files (x86)/gnu tools arm embedded/4.9 2015q2/bin/../lib/gcc/arm-none-eabi/4.9.3/../../../../arm-none-eabi/lib/armv6-m\libc_nano.a(lib_a-wbuf.o)
 .ARM.attributes
                0x0000071f       0x2c c:/program files (x86)/gnu tools arm embedded/4.9 2015q2/bin/../lib/gcc/arm-none-eabi/4.9.3/../../../../arm-none-eabi/lib/armv6-m\libc_nano.a(lib_a-writer.o)
 .ARM.attributes
                0x0000074b       0x2c c:/program files (x86)/gnu tools arm embedded/4.9 2015q2/bin/../lib/gcc/arm-none-eabi/4.9.3/../../../../arm-none-eabi/lib/armv6-m\libc_nano.a(lib_a-wsetup.o)
 .ARM.attributes
                0x00000777       0x2c c:/program files (x86)/gnu tools arm embedded/4.9 2015q2/bin/../lib/gcc/arm-none-eabi/4.9.3/../../../../arm-none-eabi/lib/armv6-m\libc_nano.a(lib_a-closer.o)
 .ARM.attributes
                0x000007a3       0x2c c:/program files (x86)/gnu tools arm embedded/4.9 2015q2/bin/../lib/gcc/arm-none-eabi/4.9.3/../../../../arm-none-eabi/lib/armv6-m\libc_nano.a(lib_a-fflush.o)
 .ARM.attributes
                0x000007cf       0x2c c:/program files (x86)/gnu tools arm embedded/4.9 2015q2/bin/../lib/gcc/arm-none-eabi/4.9.3/../../../../arm-none-eabi/lib/armv6-m\libc_nano.a(lib_a-lseekr.o)
 .ARM.attributes
                0x000007fb       0x2c c:/program files (x86)/gnu tools arm embedded/4.9 2015q2/bin/../lib/gcc/arm-none-eabi/4.9.3/../../../../arm-none-eabi/lib/armv6-m\libc_nano.a(lib_a-makebuf.o)
 .ARM.attributes
                0x00000827       0x2c c:/program files (x86)/gnu tools arm embedded/4.9 2015q2/bin/../lib/gcc/arm-none-eabi/4.9.3/../../../../arm-none-eabi/lib/armv6-m\libc_nano.a(lib_a-memchr.o)
 .ARM.attributes
                0x00000853       0x2c c:/program files (x86)/gnu tools arm embedded/4.9 2015q2/bin/../lib/gcc/arm-none-eabi/4.9.3/../../../../arm-none-eabi/lib/armv6-m\libc_nano.a(lib_a-nano-freer.o)
 .ARM.attributes
                0x0000087f       0x2c c:/program files (x86)/gnu tools arm embedded/4.9 2015q2/bin/../lib/gcc/arm-none-eabi/4.9.3/../../../../arm-none-eabi/lib/armv6-m\libc_nano.a(lib_a-readr.o)
 .ARM.attributes
                0x000008ab       0x2c c:/program files (x86)/gnu tools arm embedded/4.9 2015q2/bin/../lib/gcc/arm-none-eabi/4.9.3/../../../../arm-none-eabi/lib/armv6-m\libc_nano.a(lib_a-reent.o)
 .ARM.attributes
                0x000008d7       0x2c c:/program files (x86)/gnu tools arm embedded/4.9 2015q2/bin/../lib/gcc/arm-none-eabi/4.9.3/../../../../arm-none-eabi/lib/armv6-m\libc_nano.a(lib_a-fstatr.o)
 .ARM.attributes
                0x00000903       0x2c c:/program files (x86)/gnu tools arm embedded/4.9 2015q2/bin/../lib/gcc/arm-none-eabi/4.9.3/../../../../arm-none-eabi/lib/armv6-m\libc_nano.a(lib_a-isattyr.o)
 .ARM.attributes
                0x0000092f       0x2c c:/program files (x86)/gnu tools arm embedded/4.9 2015q2/bin/../lib/gcc/arm-none-eabi/4.9.3/armv6-m/crtend.o
 .ARM.attributes
                0x0000095b       0x1e c:/program files (x86)/gnu tools arm embedded/4.9 2015q2/bin/../lib/gcc/arm-none-eabi/4.9.3/armv6-m/crtn.o
 .ARM.attributes
                0x00000979       0x2c c:/program files (x86)/gnu tools arm embedded/4.9 2015q2/bin/../lib/gcc/arm-none-eabi/4.9.3/../../../../arm-none-eabi/lib/armv6-m\libnosys.a(close.o)
 .ARM.attributes
                0x000009a5       0x2c c:/program files (x86)/gnu tools arm embedded/4.9 2015q2/bin/../lib/gcc/arm-none-eabi/4.9.3/../../../../arm-none-eabi/lib/armv6-m\libnosys.a(fstat.o)
 .ARM.attributes
                0x000009d1       0x2c c:/program files (x86)/gnu tools arm embedded/4.9 2015q2/bin/../lib/gcc/arm-none-eabi/4.9.3/../../../../arm-none-eabi/lib/armv6-m\libnosys.a(isatty.o)
 .ARM.attributes
                0x000009fd       0x2c c:/program files (x86)/gnu tools arm embedded/4.9 2015q2/bin/../lib/gcc/arm-none-eabi/4.9.3/../../../../arm-none-eabi/lib/armv6-m\libnosys.a(lseek.o)
 .ARM.attributes
                0x00000a29       0x2c c:/program files (x86)/gnu tools arm embedded/4.9 2015q2/bin/../lib/gcc/arm-none-eabi/4.9.3/../../../../arm-none-eabi/lib/armv6-m\libnosys.a(sbrk.o)

.comment        0x00000000       0x70
 .comment       0x00000000       0x70 _build/main.o
                                 0x71 (size before relaxing)
 .comment       0x00000000       0x71 _build/application.o
 .comment       0x00000000       0x71 _build/transport.o
 .comment       0x00000000       0x71 _build/ble_advdata.o
 .comment       0x00000000       0x71 _build/ble_advertising.o
 .comment       0x00000000       0x71 _build/nrf_drv_common.o
 .comment       0x00000000       0x71 _build/nrf_drv_gpiote.o
 .comment       0x00000000       0x71 _build/pstorage.o
 .comment       0x00000000       0x71 _build/nrf_drv_uart.o
 .comment       0x00000000       0x71 _build/app_fifo.o
 .comment       0x00000000       0x71 _build/fstorage.o
 .comment       0x00000000       0x71 _build/app_timer.o
 .comment       0x00000000       0x71 _build/retarget.o
 .comment       0x00000000       0x71 _build/app_uart_fifo.o
 .comment       0x00000000       0x71 _build/app_error.o
 .comment       0x00000000       0x71 _build/app_error_weak.o
 .comment       0x00000000       0x71 _build/nrf_log.o
 .comment       0x00000000       0x71 _build/softdevice_handler.o
 .comment       0x00000000       0x71 _build/system_nrf51.o

.debug_frame    0x00000000     0x1a00
 .debug_frame   0x00000000       0x28 c:/program files (x86)/gnu tools arm embedded/4.9 2015q2/bin/../lib/gcc/arm-none-eabi/4.9.3/../../../../arm-none-eabi/lib/armv6-m\libc_nano.a(lib_a-exit.o)
 .debug_frame   0x00000028       0x2c c:/program files (x86)/gnu tools arm embedded/4.9 2015q2/bin/../lib/gcc/arm-none-eabi/4.9.3/../../../../arm-none-eabi/lib/armv6-m\libc_nano.a(lib_a-init.o)
 .debug_frame   0x00000054       0x20 c:/program files (x86)/gnu tools arm embedded/4.9 2015q2/bin/../lib/gcc/arm-none-eabi/4.9.3/../../../../arm-none-eabi/lib/armv6-m\libc_nano.a(lib_a-memset.o)
 .debug_frame   0x00000074       0x20 c:/program files (x86)/gnu tools arm embedded/4.9 2015q2/bin/../lib/gcc/arm-none-eabi/4.9.3/../../../../arm-none-eabi/lib/armv6-m\libnosys.a(_exit.o)
 .debug_frame   0x00000094       0x58 _build/main.o
 .debug_frame   0x000000ec       0x4c _build/application.o
 .debug_frame   0x00000138      0x144 _build/transport.o
 .debug_frame   0x0000027c      0x104 _build/ble_advdata.o
 .debug_frame   0x00000380       0xe8 _build/ble_advertising.o
 .debug_frame   0x00000468       0x30 _build/nrf_drv_common.o
 .debug_frame   0x00000498      0x200 _build/nrf_drv_gpiote.o
 .debug_frame   0x00000698      0x384 _build/pstorage.o
 .debug_frame   0x00000a1c      0x12c _build/nrf_drv_uart.o
 .debug_frame   0x00000b48       0xbc _build/app_fifo.o
 .debug_frame   0x00000c04      0x110 _build/fstorage.o
 .debug_frame   0x00000d14      0x128 _build/app_timer.o
 .debug_frame   0x00000e3c       0x44 _build/retarget.o
 .debug_frame   0x00000e80       0xb4 _build/app_uart_fifo.o
 .debug_frame   0x00000f34       0x5c _build/app_error.o
 .debug_frame   0x00000f90       0x20 _build/app_error_weak.o
 .debug_frame   0x00000fb0      0x12c _build/nrf_log.o
 .debug_frame   0x000010dc      0x180 _build/softdevice_handler.o
 .debug_frame   0x0000125c       0x30 _build/system_nrf51.o
 .debug_frame   0x0000128c       0x20 c:/program files (x86)/gnu tools arm embedded/4.9 2015q2/bin/../lib/gcc/arm-none-eabi/4.9.3/armv6-m\libgcc.a(_udivsi3.o)
 .debug_frame   0x000012ac       0x2c c:/program files (x86)/gnu tools arm embedded/4.9 2015q2/bin/../lib/gcc/arm-none-eabi/4.9.3/../../../../arm-none-eabi/lib/armv6-m\libc_nano.a(lib_a-memcmp.o)
 .debug_frame   0x000012d8       0x28 c:/program files (x86)/gnu tools arm embedded/4.9 2015q2/bin/../lib/gcc/arm-none-eabi/4.9.3/../../../../arm-none-eabi/lib/armv6-m\libc_nano.a(lib_a-memcpy.o)
 .debug_frame   0x00001300       0x48 c:/program files (x86)/gnu tools arm embedded/4.9 2015q2/bin/../lib/gcc/arm-none-eabi/4.9.3/../../../../arm-none-eabi/lib/armv6-m\libc_nano.a(lib_a-vprintf.o)
 .debug_frame   0x00001348      0x140 c:/program files (x86)/gnu tools arm embedded/4.9 2015q2/bin/../lib/gcc/arm-none-eabi/4.9.3/../../../../arm-none-eabi/lib/armv6-m\libc_nano.a(lib_a-findfp.o)
 .debug_frame   0x00001488       0x58 c:/program files (x86)/gnu tools arm embedded/4.9 2015q2/bin/../lib/gcc/arm-none-eabi/4.9.3/../../../../arm-none-eabi/lib/armv6-m\libc_nano.a(lib_a-fwalk.o)
 .debug_frame   0x000014e0       0x2c c:/program files (x86)/gnu tools arm embedded/4.9 2015q2/bin/../lib/gcc/arm-none-eabi/4.9.3/../../../../arm-none-eabi/lib/armv6-m\libc_nano.a(lib_a-nano-mallocr.o)
 .debug_frame   0x0000150c       0xa0 c:/program files (x86)/gnu tools arm embedded/4.9 2015q2/bin/../lib/gcc/arm-none-eabi/4.9.3/../../../../arm-none-eabi/lib/armv6-m\libc_nano.a(lib_a-nano-vfprintf.o)
 .debug_frame   0x000015ac       0x54 c:/program files (x86)/gnu tools arm embedded/4.9 2015q2/bin/../lib/gcc/arm-none-eabi/4.9.3/../../../../arm-none-eabi/lib/armv6-m\libc_nano.a(lib_a-nano-vfprintf_i.o)
 .debug_frame   0x00001600       0x2c c:/program files (x86)/gnu tools arm embedded/4.9 2015q2/bin/../lib/gcc/arm-none-eabi/4.9.3/../../../../arm-none-eabi/lib/armv6-m\libc_nano.a(lib_a-sbrkr.o)
 .debug_frame   0x0000162c       0x90 c:/program files (x86)/gnu tools arm embedded/4.9 2015q2/bin/../lib/gcc/arm-none-eabi/4.9.3/../../../../arm-none-eabi/lib/armv6-m\libc_nano.a(lib_a-stdio.o)
 .debug_frame   0x000016bc       0x44 c:/program files (x86)/gnu tools arm embedded/4.9 2015q2/bin/../lib/gcc/arm-none-eabi/4.9.3/../../../../arm-none-eabi/lib/armv6-m\libc_nano.a(lib_a-wbuf.o)
 .debug_frame   0x00001700       0x2c c:/program files (x86)/gnu tools arm embedded/4.9 2015q2/bin/../lib/gcc/arm-none-eabi/4.9.3/../../../../arm-none-eabi/lib/armv6-m\libc_nano.a(lib_a-writer.o)
 .debug_frame   0x0000172c       0x2c c:/program files (x86)/gnu tools arm embedded/4.9 2015q2/bin/../lib/gcc/arm-none-eabi/4.9.3/../../../../arm-none-eabi/lib/armv6-m\libc_nano.a(lib_a-wsetup.o)
 .debug_frame   0x00001758       0x2c c:/program files (x86)/gnu tools arm embedded/4.9 2015q2/bin/../lib/gcc/arm-none-eabi/4.9.3/../../../../arm-none-eabi/lib/armv6-m\libc_nano.a(lib_a-closer.o)
 .debug_frame   0x00001784       0x68 c:/program files (x86)/gnu tools arm embedded/4.9 2015q2/bin/../lib/gcc/arm-none-eabi/4.9.3/../../../../arm-none-eabi/lib/armv6-m\libc_nano.a(lib_a-fflush.o)
 .debug_frame   0x000017ec       0x2c c:/program files (x86)/gnu tools arm embedded/4.9 2015q2/bin/../lib/gcc/arm-none-eabi/4.9.3/../../../../arm-none-eabi/lib/armv6-m\libc_nano.a(lib_a-lseekr.o)
 .debug_frame   0x00001818       0x30 c:/program files (x86)/gnu tools arm embedded/4.9 2015q2/bin/../lib/gcc/arm-none-eabi/4.9.3/../../../../arm-none-eabi/lib/armv6-m\libc_nano.a(lib_a-makebuf.o)
 .debug_frame   0x00001848       0x20 c:/program files (x86)/gnu tools arm embedded/4.9 2015q2/bin/../lib/gcc/arm-none-eabi/4.9.3/../../../../arm-none-eabi/lib/armv6-m\libc_nano.a(lib_a-memchr.o)
 .debug_frame   0x00001868       0x2c c:/program files (x86)/gnu tools arm embedded/4.9 2015q2/bin/../lib/gcc/arm-none-eabi/4.9.3/../../../../arm-none-eabi/lib/armv6-m\libc_nano.a(lib_a-nano-freer.o)
 .debug_frame   0x00001894       0x2c c:/program files (x86)/gnu tools arm embedded/4.9 2015q2/bin/../lib/gcc/arm-none-eabi/4.9.3/../../../../arm-none-eabi/lib/armv6-m\libc_nano.a(lib_a-readr.o)
 .debug_frame   0x000018c0       0x48 c:/program files (x86)/gnu tools arm embedded/4.9 2015q2/bin/../lib/gcc/arm-none-eabi/4.9.3/../../../../arm-none-eabi/lib/armv6-m\libc_nano.a(lib_a-reent.o)
 .debug_frame   0x00001908       0x2c c:/program files (x86)/gnu tools arm embedded/4.9 2015q2/bin/../lib/gcc/arm-none-eabi/4.9.3/../../../../arm-none-eabi/lib/armv6-m\libc_nano.a(lib_a-fstatr.o)
 .debug_frame   0x00001934       0x2c c:/program files (x86)/gnu tools arm embedded/4.9 2015q2/bin/../lib/gcc/arm-none-eabi/4.9.3/../../../../arm-none-eabi/lib/armv6-m\libc_nano.a(lib_a-isattyr.o)
 .debug_frame   0x00001960       0x20 c:/program files (x86)/gnu tools arm embedded/4.9 2015q2/bin/../lib/gcc/arm-none-eabi/4.9.3/../../../../arm-none-eabi/lib/armv6-m\libnosys.a(close.o)
 .debug_frame   0x00001980       0x20 c:/program files (x86)/gnu tools arm embedded/4.9 2015q2/bin/../lib/gcc/arm-none-eabi/4.9.3/../../../../arm-none-eabi/lib/armv6-m\libnosys.a(fstat.o)
 .debug_frame   0x000019a0       0x20 c:/program files (x86)/gnu tools arm embedded/4.9 2015q2/bin/../lib/gcc/arm-none-eabi/4.9.3/../../../../arm-none-eabi/lib/armv6-m\libnosys.a(isatty.o)
 .debug_frame   0x000019c0       0x20 c:/program files (x86)/gnu tools arm embedded/4.9 2015q2/bin/../lib/gcc/arm-none-eabi/4.9.3/../../../../arm-none-eabi/lib/armv6-m\libnosys.a(lseek.o)
 .debug_frame   0x000019e0       0x20 c:/program files (x86)/gnu tools arm embedded/4.9 2015q2/bin/../lib/gcc/arm-none-eabi/4.9.3/../../../../arm-none-eabi/lib/armv6-m\libnosys.a(sbrk.o)

.debug_info     0x00000000    0x17bf8
 .debug_info    0x00000000     0x1e00 _build/main.o
 .debug_info    0x00001e00      0x481 _build/application.o
 .debug_info    0x00002281     0x2500 _build/transport.o
 .debug_info    0x00004781     0x1cd8 _build/ble_advdata.o
 .debug_info    0x00006459     0x2179 _build/ble_advertising.o
 .debug_info    0x000085d2      0x469 _build/nrf_drv_common.o
 .debug_info    0x00008a3b     0x1f9a _build/nrf_drv_gpiote.o
 .debug_info    0x0000a9d5     0x3683 _build/pstorage.o
 .debug_info    0x0000e058     0x24b4 _build/nrf_drv_uart.o
 .debug_info    0x0001050c      0x5de _build/app_fifo.o
 .debug_info    0x00010aea     0x1070 _build/fstorage.o
 .debug_info    0x00011b5a     0x1bf6 _build/app_timer.o
 .debug_info    0x00013750      0xa0d _build/retarget.o
 .debug_info    0x0001415d      0xb39 _build/app_uart_fifo.o
 .debug_info    0x00014c96      0x334 _build/app_error.o
 .debug_info    0x00014fca      0x1ec _build/app_error_weak.o
 .debug_info    0x000151b6      0x7b2 _build/nrf_log.o
 .debug_info    0x00015968     0x20b7 _build/softdevice_handler.o
 .debug_info    0x00017a1f      0x1d9 _build/system_nrf51.o

.debug_abbrev   0x00000000     0x37f5
 .debug_abbrev  0x00000000      0x36d _build/main.o
 .debug_abbrev  0x0000036d      0x1ef _build/application.o
 .debug_abbrev  0x0000055c      0x42d _build/transport.o
 .debug_abbrev  0x00000989      0x366 _build/ble_advdata.o
 .debug_abbrev  0x00000cef      0x434 _build/ble_advertising.o
 .debug_abbrev  0x00001123      0x188 _build/nrf_drv_common.o
 .debug_abbrev  0x000012ab      0x462 _build/nrf_drv_gpiote.o
 .debug_abbrev  0x0000170d      0x439 _build/pstorage.o
 .debug_abbrev  0x00001b46      0x3f8 _build/nrf_drv_uart.o
 .debug_abbrev  0x00001f3e      0x17b _build/app_fifo.o
 .debug_abbrev  0x000020b9      0x3db _build/fstorage.o
 .debug_abbrev  0x00002494      0x403 _build/app_timer.o
 .debug_abbrev  0x00002897      0x223 _build/retarget.o
 .debug_abbrev  0x00002aba      0x242 _build/app_uart_fifo.o
 .debug_abbrev  0x00002cfc      0x130 _build/app_error.o
 .debug_abbrev  0x00002e2c      0x108 _build/app_error_weak.o
 .debug_abbrev  0x00002f34      0x2d8 _build/nrf_log.o
 .debug_abbrev  0x0000320c      0x4ed _build/softdevice_handler.o
 .debug_abbrev  0x000036f9       0xfc _build/system_nrf51.o

.debug_loc      0x00000000     0xb986
 .debug_loc     0x00000000      0x1b2 _build/main.o
 .debug_loc     0x000001b2      0x133 _build/application.o
 .debug_loc     0x000002e5      0x7ab _build/transport.o
 .debug_loc     0x00000a90     0x1f63 _build/ble_advdata.o
 .debug_loc     0x000029f3      0x5a8 _build/ble_advertising.o
 .debug_loc     0x00002f9b       0xa2 _build/nrf_drv_common.o
 .debug_loc     0x0000303d     0x1882 _build/nrf_drv_gpiote.o
 .debug_loc     0x000048bf     0x3203 _build/pstorage.o
 .debug_loc     0x00007ac2     0x1170 _build/nrf_drv_uart.o
 .debug_loc     0x00008c32      0x592 _build/app_fifo.o
 .debug_loc     0x000091c4      0x7f8 _build/fstorage.o
 .debug_loc     0x000099bc     0x125e _build/app_timer.o
 .debug_loc     0x0000ac1a      0x11a _build/retarget.o
 .debug_loc     0x0000ad34      0x3bd _build/app_uart_fifo.o
 .debug_loc     0x0000b0f1      0x149 _build/app_error.o
 .debug_loc     0x0000b23a       0x21 _build/app_error_weak.o
 .debug_loc     0x0000b25b      0x2f3 _build/nrf_log.o
 .debug_loc     0x0000b54e      0x438 _build/softdevice_handler.o

.debug_aranges  0x00000000      0x6d8
 .debug_aranges
                0x00000000       0x38 _build/main.o
 .debug_aranges
                0x00000038       0x28 _build/application.o
 .debug_aranges
                0x00000060       0x70 _build/transport.o
 .debug_aranges
                0x000000d0       0x60 _build/ble_advdata.o
 .debug_aranges
                0x00000130       0x60 _build/ble_advertising.o
 .debug_aranges
                0x00000190       0x20 _build/nrf_drv_common.o
 .debug_aranges
                0x000001b0       0xb8 _build/nrf_drv_gpiote.o
 .debug_aranges
                0x00000268       0xf0 _build/pstorage.o
 .debug_aranges
                0x00000358       0x70 _build/nrf_drv_uart.o
 .debug_aranges
                0x000003c8       0x50 _build/app_fifo.o
 .debug_aranges
                0x00000418       0x60 _build/fstorage.o
 .debug_aranges
                0x00000478       0x68 _build/app_timer.o
 .debug_aranges
                0x000004e0       0x28 _build/retarget.o
 .debug_aranges
                0x00000508       0x48 _build/app_uart_fifo.o
 .debug_aranges
                0x00000550       0x30 _build/app_error.o
 .debug_aranges
                0x00000580       0x20 _build/app_error_weak.o
 .debug_aranges
                0x000005a0       0x70 _build/nrf_log.o
 .debug_aranges
                0x00000610       0xa0 _build/softdevice_handler.o
 .debug_aranges
                0x000006b0       0x28 _build/system_nrf51.o

.debug_ranges   0x00000000     0x2bb8
 .debug_ranges  0x00000000      0x168 _build/main.o
 .debug_ranges  0x00000168       0x30 _build/application.o
 .debug_ranges  0x00000198      0x190 _build/transport.o
 .debug_ranges  0x00000328      0x250 _build/ble_advdata.o
 .debug_ranges  0x00000578       0xd8 _build/ble_advertising.o
 .debug_ranges  0x00000650       0x28 _build/nrf_drv_common.o
 .debug_ranges  0x00000678      0x908 _build/nrf_drv_gpiote.o
 .debug_ranges  0x00000f80      0xba0 _build/pstorage.o
 .debug_ranges  0x00001b20      0x4b0 _build/nrf_drv_uart.o
 .debug_ranges  0x00001fd0       0xe8 _build/app_fifo.o
 .debug_ranges  0x000020b8      0x1b8 _build/fstorage.o
 .debug_ranges  0x00002270      0x640 _build/app_timer.o
 .debug_ranges  0x000028b0       0x18 _build/retarget.o
 .debug_ranges  0x000028c8       0x88 _build/app_uart_fifo.o
 .debug_ranges  0x00002950       0x20 _build/app_error.o
 .debug_ranges  0x00002970       0x10 _build/app_error_weak.o
 .debug_ranges  0x00002980       0x78 _build/nrf_log.o
 .debug_ranges  0x000029f8      0x148 _build/softdevice_handler.o
 .debug_ranges  0x00002b40       0x78 _build/system_nrf51.o

.debug_macro    0x00000000     0xf23d
 .debug_macro   0x00000000      0x3f6 _build/main.o
 .debug_macro   0x000003f6      0x85c _build/main.o
 .debug_macro   0x00000c52       0x22 _build/main.o
 .debug_macro   0x00000c74       0x44 _build/main.o
 .debug_macro   0x00000cb8       0x58 _build/main.o
 .debug_macro   0x00000d10       0x22 _build/main.o
 .debug_macro   0x00000d32      0x1df _build/main.o
 .debug_macro   0x00000f11       0x58 _build/main.o
 .debug_macro   0x00000f69       0x35 _build/main.o
 .debug_macro   0x00000f9e       0x9c _build/main.o
 .debug_macro   0x0000103a       0x16 _build/main.o
 .debug_macro   0x00001050       0x97 _build/main.o
 .debug_macro   0x000010e7      0x29d _build/main.o
 .debug_macro   0x00001384       0xef _build/main.o
 .debug_macro   0x00001473       0x10 _build/main.o
 .debug_macro   0x00001483       0x52 _build/main.o
 .debug_macro   0x000014d5       0x16 _build/main.o
 .debug_macro   0x000014eb       0x43 _build/main.o
 .debug_macro   0x0000152e      0x180 _build/main.o
 .debug_macro   0x000016ae       0x10 _build/main.o
 .debug_macro   0x000016be       0x22 _build/main.o
 .debug_macro   0x000016e0       0xbe _build/main.o
 .debug_macro   0x0000179e       0x16 _build/main.o
 .debug_macro   0x000017b4      0x197 _build/main.o
 .debug_macro   0x0000194b       0x16 _build/main.o
 .debug_macro   0x00001961       0x35 _build/main.o
 .debug_macro   0x00001996      0x11e _build/main.o
 .debug_macro   0x00001ab4       0x16 _build/main.o
 .debug_macro   0x00001aca       0x1c _build/main.o
 .debug_macro   0x00001ae6       0x22 _build/main.o
 .debug_macro   0x00001b08       0x3a _build/main.o
 .debug_macro   0x00001b42       0x26 _build/main.o
 .debug_macro   0x00001b68      0x30d _build/main.o
 .debug_macro   0x00001e75      0x1d2 _build/main.o
 .debug_macro   0x00002047     0x745a _build/main.o
 .debug_macro   0x000094a1      0x976 _build/main.o
 .debug_macro   0x00009e17       0x1c _build/main.o
 .debug_macro   0x00009e33       0x22 _build/main.o
 .debug_macro   0x00009e55       0x9a _build/main.o
 .debug_macro   0x00009eef       0x40 _build/main.o
 .debug_macro   0x00009f2f       0x64 _build/main.o
 .debug_macro   0x00009f93       0x1c _build/main.o
 .debug_macro   0x00009faf       0x8e _build/main.o
 .debug_macro   0x0000a03d       0xd6 _build/main.o
 .debug_macro   0x0000a113      0x1fb _build/main.o
 .debug_macro   0x0000a30e      0x3fa _build/main.o
 .debug_macro   0x0000a708       0x40 _build/main.o
 .debug_macro   0x0000a748       0x22 _build/main.o
 .debug_macro   0x0000a76a      0x201 _build/main.o
 .debug_macro   0x0000a96b       0x1c _build/main.o
 .debug_macro   0x0000a987       0xdb _build/main.o
 .debug_macro   0x0000aa62       0x24 _build/main.o
 .debug_macro   0x0000aa86       0x67 _build/main.o
 .debug_macro   0x0000aaed       0xb8 _build/main.o
 .debug_macro   0x0000aba5       0x40 _build/main.o
 .debug_macro   0x0000abe5       0x16 _build/main.o
 .debug_macro   0x0000abfb       0x16 _build/main.o
 .debug_macro   0x0000ac11       0x29 _build/main.o
 .debug_macro   0x0000ac3a       0x76 _build/main.o
 .debug_macro   0x0000acb0       0x52 _build/main.o
 .debug_macro   0x0000ad02       0xfb _build/main.o
 .debug_macro   0x0000adfd       0x2b _build/main.o
 .debug_macro   0x0000ae28       0x16 _build/main.o
 .debug_macro   0x0000ae3e       0x10 _build/main.o
 .debug_macro   0x0000ae4e      0x401 _build/main.o
 .debug_macro   0x0000b24f       0x22 _build/main.o
 .debug_macro   0x0000b271       0x47 _build/main.o
 .debug_macro   0x0000b2b8       0x10 _build/main.o
 .debug_macro   0x0000b2c8      0x24e _build/main.o
 .debug_macro   0x0000b516       0x22 _build/main.o
 .debug_macro   0x0000b538       0x10 _build/main.o
 .debug_macro   0x0000b548      0x17c _build/main.o
 .debug_macro   0x0000b6c4       0x10 _build/main.o
 .debug_macro   0x0000b6d4       0x22 _build/main.o
 .debug_macro   0x0000b6f6      0x25d _build/application.o
 .debug_macro   0x0000b953       0x58 _build/application.o
 .debug_macro   0x0000b9ab       0x28 _build/application.o
 .debug_macro   0x0000b9d3      0x3f4 _build/application.o
 .debug_macro   0x0000bdc7       0x3a _build/application.o
 .debug_macro   0x0000be01      0x3dc _build/transport.o
 .debug_macro   0x0000c1dd       0x70 _build/transport.o
 .debug_macro   0x0000c24d       0x46 _build/transport.o
 .debug_macro   0x0000c293      0x26a _build/ble_advdata.o
 .debug_macro   0x0000c4fd      0x166 _build/ble_advdata.o
 .debug_macro   0x0000c663       0x10 _build/ble_advdata.o
 .debug_macro   0x0000c673      0x2ca _build/ble_advdata.o
 .debug_macro   0x0000c93d       0x22 _build/ble_advdata.o
 .debug_macro   0x0000c95f       0x37 _build/ble_advdata.o
 .debug_macro   0x0000c996      0x2b8 _build/ble_advertising.o
 .debug_macro   0x0000cc4e       0x46 _build/ble_advertising.o
 .debug_macro   0x0000cc94       0x1c _build/ble_advertising.o
 .debug_macro   0x0000ccb0       0x52 _build/ble_advertising.o
 .debug_macro   0x0000cd02      0x28f _build/nrf_drv_common.o
 .debug_macro   0x0000cf91      0x2df _build/nrf_drv_gpiote.o
 .debug_macro   0x0000d270       0x11 _build/nrf_drv_gpiote.o
 .debug_macro   0x0000d281       0x2e _build/nrf_drv_gpiote.o
 .debug_macro   0x0000d2af       0x6d _build/nrf_drv_gpiote.o
 .debug_macro   0x0000d31c      0x314 _build/pstorage.o
 .debug_macro   0x0000d630       0x40 _build/pstorage.o
 .debug_macro   0x0000d670      0x2d9 _build/nrf_drv_uart.o
 .debug_macro   0x0000d949      0x1fc _build/app_fifo.o
 .debug_macro   0x0000db45      0x1d4 _build/fstorage.o
 .debug_macro   0x0000dd19       0x1c _build/fstorage.o
 .debug_macro   0x0000dd35       0x47 _build/fstorage.o
 .debug_macro   0x0000dd7c      0x336 _build/app_timer.o
 .debug_macro   0x0000e0b2      0x266 _build/retarget.o
 .debug_macro   0x0000e318      0x31f _build/app_uart_fifo.o
 .debug_macro   0x0000e637      0x212 _build/app_error.o
 .debug_macro   0x0000e849      0x20c _build/app_error_weak.o
 .debug_macro   0x0000ea55      0x2d6 _build/nrf_log.o
 .debug_macro   0x0000ed2b       0x5e _build/nrf_log.o
 .debug_macro   0x0000ed89      0x3c4 _build/softdevice_handler.o
 .debug_macro   0x0000f14d       0x10 _build/softdevice_handler.o
 .debug_macro   0x0000f15d       0x10 _build/softdevice_handler.o
 .debug_macro   0x0000f16d       0xd0 _build/system_nrf51.o

.debug_line     0x00000000     0xba82
 .debug_line    0x00000000      0xc7e _build/main.o
 .debug_line    0x00000c7e      0x66f _build/application.o
 .debug_line    0x000012ed      0xcfb _build/transport.o
 .debug_line    0x00001fe8      0xaa5 _build/ble_advdata.o
 .debug_line    0x00002a8d      0xaea _build/ble_advertising.o
 .debug_line    0x00003577      0x757 _build/nrf_drv_common.o
 .debug_line    0x00003cce      0xfe5 _build/nrf_drv_gpiote.o
 .debug_line    0x00004cb3     0x12c1 _build/pstorage.o
 .debug_line    0x00005f74      0xd51 _build/nrf_drv_uart.o
 .debug_line    0x00006cc5      0x6ec _build/app_fifo.o
 .debug_line    0x000073b1      0x880 _build/fstorage.o
 .debug_line    0x00007c31      0xc5c _build/app_timer.o
 .debug_line    0x0000888d      0x647 _build/retarget.o
 .debug_line    0x00008ed4      0x98b _build/app_uart_fifo.o
 .debug_line    0x0000985f      0x5b8 _build/app_error.o
 .debug_line    0x00009e17      0x57b _build/app_error_weak.o
 .debug_line    0x0000a392      0x89e _build/nrf_log.o
 .debug_line    0x0000ac30      0xa76 _build/softdevice_handler.o
 .debug_line    0x0000b6a6      0x3dc _build/system_nrf51.o

.debug_str      0x00000000    0x47620
 .debug_str     0x00000000    0x3e3de _build/main.o
                              0x3e771 (size before relaxing)
 .debug_str     0x0003e3de      0x1b7 _build/application.o
                              0x36e9b (size before relaxing)
 .debug_str     0x0003e595      0xb99 _build/transport.o
                              0x3e49f (size before relaxing)
 .debug_str     0x0003f12e     0x18db _build/ble_advdata.o
                              0x3865f (size before relaxing)
 .debug_str     0x00040a09      0xcef _build/ble_advertising.o
                              0x39b2c (size before relaxing)
 .debug_str     0x000416f8      0x623 _build/nrf_drv_common.o
                              0x34b36 (size before relaxing)
 .debug_str     0x00041d1b     0x134c _build/nrf_drv_gpiote.o
                              0x35e66 (size before relaxing)
 .debug_str     0x00043067     0x108a _build/pstorage.o
                              0x3596c (size before relaxing)
 .debug_str     0x000440f1      0xccb _build/nrf_drv_uart.o
                              0x35c0a (size before relaxing)
 .debug_str     0x00044dbc      0x18d _build/app_fifo.o
                              0x32927 (size before relaxing)
 .debug_str     0x00044f49      0x524 _build/fstorage.o
                              0x32f44 (size before relaxing)
 .debug_str     0x0004546d      0x9a5 _build/app_timer.o
                              0x35843 (size before relaxing)
 .debug_str     0x00045e12      0x642 _build/retarget.o
                              0x34910 (size before relaxing)
 .debug_str     0x00046454      0x30f _build/app_uart_fifo.o
                              0x3588f (size before relaxing)
 .debug_str     0x00046763      0x123 _build/app_error.o
                              0x339e6 (size before relaxing)
 .debug_str     0x00046886       0x7c _build/app_error_weak.o
                              0x33924 (size before relaxing)
 .debug_str     0x00046902      0x6b6 _build/nrf_log.o
                              0x359cf (size before relaxing)
 .debug_str     0x00046fb8      0x510 _build/softdevice_handler.o
                              0x3d8c5 (size before relaxing)
 .debug_str     0x000474c8      0x158 _build/system_nrf51.o
                              0x2ef87 (size before relaxing)

.stab           0x00000000       0x6c
 .stab          0x00000000       0x24 c:/program files (x86)/gnu tools arm embedded/4.9 2015q2/bin/../lib/gcc/arm-none-eabi/4.9.3/../../../../arm-none-eabi/lib/armv6-m\libnosys.a(close.o)
 .stab          0x00000024       0x18 c:/program files (x86)/gnu tools arm embedded/4.9 2015q2/bin/../lib/gcc/arm-none-eabi/4.9.3/../../../../arm-none-eabi/lib/armv6-m\libnosys.a(fstat.o)
                                 0x24 (size before relaxing)
 .stab          0x0000003c       0x18 c:/program files (x86)/gnu tools arm embedded/4.9 2015q2/bin/../lib/gcc/arm-none-eabi/4.9.3/../../../../arm-none-eabi/lib/armv6-m\libnosys.a(isatty.o)
                                 0x24 (size before relaxing)
 .stab          0x00000054       0x18 c:/program files (x86)/gnu tools arm embedded/4.9 2015q2/bin/../lib/gcc/arm-none-eabi/4.9.3/../../../../arm-none-eabi/lib/armv6-m\libnosys.a(lseek.o)
                                 0x24 (size before relaxing)

.stabstr        0x00000000       0xe3
 .stabstr       0x00000000       0xe3 c:/program files (x86)/gnu tools arm embedded/4.9 2015q2/bin/../lib/gcc/arm-none-eabi/4.9.3/../../../../arm-none-eabi/lib/armv6-m\libnosys.a(close.o)
