Archive member included because of file (symbol)

c:/program files (x86)/gnu tools arm embedded/4.9 2015q2/bin/../lib/gcc/arm-none-eabi/4.9.3/../../../../arm-none-eabi/lib/armv6-m\libc_nano.a(lib_a-exit.o)
                              c:/program files (x86)/gnu tools arm embedded/4.9 2015q2/bin/../lib/gcc/arm-none-eabi/4.9.3/../../../../arm-none-eabi/lib/armv6-m/crt0.o (exit)
c:/program files (x86)/gnu tools arm embedded/4.9 2015q2/bin/../lib/gcc/arm-none-eabi/4.9.3/../../../../arm-none-eabi/lib/armv6-m\libc_nano.a(lib_a-impure.o)
                              c:/program files (x86)/gnu tools arm embedded/4.9 2015q2/bin/../lib/gcc/arm-none-eabi/4.9.3/../../../../arm-none-eabi/lib/armv6-m\libc_nano.a(lib_a-exit.o) (_global_impure_ptr)
c:/program files (x86)/gnu tools arm embedded/4.9 2015q2/bin/../lib/gcc/arm-none-eabi/4.9.3/../../../../arm-none-eabi/lib/armv6-m\libc_nano.a(lib_a-init.o)
                              c:/program files (x86)/gnu tools arm embedded/4.9 2015q2/bin/../lib/gcc/arm-none-eabi/4.9.3/../../../../arm-none-eabi/lib/armv6-m/crt0.o (__libc_init_array)
c:/program files (x86)/gnu tools arm embedded/4.9 2015q2/bin/../lib/gcc/arm-none-eabi/4.9.3/../../../../arm-none-eabi/lib/armv6-m\libc_nano.a(lib_a-memset.o)
                              c:/program files (x86)/gnu tools arm embedded/4.9 2015q2/bin/../lib/gcc/arm-none-eabi/4.9.3/../../../../arm-none-eabi/lib/armv6-m/crt0.o (memset)
c:/program files (x86)/gnu tools arm embedded/4.9 2015q2/bin/../lib/gcc/arm-none-eabi/4.9.3/../../../../arm-none-eabi/lib/armv6-m\libnosys.a(_exit.o)
                              c:/program files (x86)/gnu tools arm embedded/4.9 2015q2/bin/../lib/gcc/arm-none-eabi/4.9.3/../../../../arm-none-eabi/lib/armv6-m\libc_nano.a(lib_a-exit.o) (_exit)
c:/program files (x86)/gnu tools arm embedded/4.9 2015q2/bin/../lib/gcc/arm-none-eabi/4.9.3/armv6-m\libgcc.a(_udivsi3.o)
                              _build/bsp.o (__aeabi_uidiv)
c:/program files (x86)/gnu tools arm embedded/4.9 2015q2/bin/../lib/gcc/arm-none-eabi/4.9.3/armv6-m\libgcc.a(_divsi3.o)
                              _build/pstorage.o (__aeabi_idiv)
c:/program files (x86)/gnu tools arm embedded/4.9 2015q2/bin/../lib/gcc/arm-none-eabi/4.9.3/armv6-m\libgcc.a(_dvmd_tls.o)
                              c:/program files (x86)/gnu tools arm embedded/4.9 2015q2/bin/../lib/gcc/arm-none-eabi/4.9.3/armv6-m\libgcc.a(_udivsi3.o) (__aeabi_idiv0)
c:/program files (x86)/gnu tools arm embedded/4.9 2015q2/bin/../lib/gcc/arm-none-eabi/4.9.3/../../../../arm-none-eabi/lib/armv6-m\libc_nano.a(lib_a-memcmp.o)
                              _build/transport.o (memcmp)
c:/program files (x86)/gnu tools arm embedded/4.9 2015q2/bin/../lib/gcc/arm-none-eabi/4.9.3/../../../../arm-none-eabi/lib/armv6-m\libc_nano.a(lib_a-memcpy.o)
                              _build/main.o (memcpy)
c:/program files (x86)/gnu tools arm embedded/4.9 2015q2/bin/../lib/gcc/arm-none-eabi/4.9.3/../../../../arm-none-eabi/lib/armv6-m\libc_nano.a(lib_a-strcpy.o)
                              _build/SEGGER_RTT.o (strcpy)
c:/program files (x86)/gnu tools arm embedded/4.9 2015q2/bin/../lib/gcc/arm-none-eabi/4.9.3/../../../../arm-none-eabi/lib/armv6-m\libc_nano.a(lib_a-strlen.o)
                              _build/ble_srv_common.o (strlen)
c:/program files (x86)/gnu tools arm embedded/4.9 2015q2/bin/../lib/gcc/arm-none-eabi/4.9.3/../../../../arm-none-eabi/lib/armv6-m\libc_nano.a(lib_a-vprintf.o)
                              _build/nrf_log.o (vprintf)
c:/program files (x86)/gnu tools arm embedded/4.9 2015q2/bin/../lib/gcc/arm-none-eabi/4.9.3/../../../../arm-none-eabi/lib/armv6-m\libc_nano.a(lib_a-findfp.o)
                              c:/program files (x86)/gnu tools arm embedded/4.9 2015q2/bin/../lib/gcc/arm-none-eabi/4.9.3/../../../../arm-none-eabi/lib/armv6-m\libc_nano.a(lib_a-vprintf.o) (__sinit)
c:/program files (x86)/gnu tools arm embedded/4.9 2015q2/bin/../lib/gcc/arm-none-eabi/4.9.3/../../../../arm-none-eabi/lib/armv6-m\libc_nano.a(lib_a-fwalk.o)
                              c:/program files (x86)/gnu tools arm embedded/4.9 2015q2/bin/../lib/gcc/arm-none-eabi/4.9.3/../../../../arm-none-eabi/lib/armv6-m\libc_nano.a(lib_a-findfp.o) (_fwalk)
c:/program files (x86)/gnu tools arm embedded/4.9 2015q2/bin/../lib/gcc/arm-none-eabi/4.9.3/../../../../arm-none-eabi/lib/armv6-m\libc_nano.a(lib_a-nano-mallocr.o)
                              c:/program files (x86)/gnu tools arm embedded/4.9 2015q2/bin/../lib/gcc/arm-none-eabi/4.9.3/../../../../arm-none-eabi/lib/armv6-m\libc_nano.a(lib_a-findfp.o) (_malloc_r)
c:/program files (x86)/gnu tools arm embedded/4.9 2015q2/bin/../lib/gcc/arm-none-eabi/4.9.3/../../../../arm-none-eabi/lib/armv6-m\libc_nano.a(lib_a-nano-vfprintf.o)
                              c:/program files (x86)/gnu tools arm embedded/4.9 2015q2/bin/../lib/gcc/arm-none-eabi/4.9.3/../../../../arm-none-eabi/lib/armv6-m\libc_nano.a(lib_a-vprintf.o) (_vfprintf_r)
[...]
Memory Configuration

Name             Origin             Length             Attributes
FLASH            0x0001b000         0x00025000         xr
RAM              0x20001eb0         0x00006150         xrw
*default*        0x00000000         0xffffffff

Linker script and memory map


.text           0x0001b000     0x40f8
 *(.isr_vector)
 .isr_vector    0x0001b000       0xc0 _build/gcc_startup_nrf51.o
                0x0001b000                __isr_vector
 *(.text*)
 .text          0x0001b0c0       0x60 c:/program files (x86)/gnu tools arm embedded/4.9 2015q2/bin/../lib/gcc/arm-none-eabi/4.9.3/armv6-m/crtbegin.o
 .text          0x0001b120       0x78 c:/program files (x86)/gnu tools arm embedded/4.9 2015q2/bin/../lib/gcc/arm-none-eabi/4.9.3/../../../../arm-none-eabi/lib/armv6-m/crt0.o
                0x0001b120                _start
                0x0001b120                _mainCRTStartup
 .text.exit     0x0001b198       0x2c c:/program files (x86)/gnu tools arm embedded/4.9 2015q2/bin/../lib/gcc/arm-none-eabi/4.9.3/../../../../arm-none-eabi/lib/armv6-m\libc_nano.a(lib_a-exit.o)
                0x0001b198                exit
 .text.__libc_init_array
                0x0001b1c4       0x4c c:/program files (x86)/gnu tools arm embedded/4.9 2015q2/bin/../lib/gcc/arm-none-eabi/4.9.3/../../../../arm-none-eabi/lib/armv6-m\libc_nano.a(lib_a-init.o)
                0x0001b1c4                __libc_init_array
 .text.memset   0x0001b210       0x10 c:/program files (x86)/gnu tools arm embedded/4.9 2015q2/bin/../lib/gcc/arm-none-eabi/4.9.3/../../../../arm-none-eabi/lib/armv6-m\libc_nano.a(lib_a-memset.o)
                0x0001b210                memset
 .text._exit    0x0001b220        0x4 c:/program files (x86)/gnu tools arm embedded/4.9 2015q2/bin/../lib/gcc/arm-none-eabi/4.9.3/../../../../arm-none-eabi/lib/armv6-m\libnosys.a(_exit.o)
                0x0001b220                _exit
 .text.sd_app_evt_wait
                0x0001b224        0x4 _build/main.o
 .text.sd_ble_gap_scan_start
                0x0001b228        0x4 _build/main.o
 .text.on_sys_evt
                0x0001b22c        0x4 _build/main.o
 .text.startup.main
                0x0001b230       0xec _build/main.o
                0x0001b230                main
 .text.application_handler
                0x0001b31c       0x60 _build/application.o
                0x0001b31c                application_handler
 .text.sd_ble_gap_adv_stop
                0x0001b37c        0x4 _build/transport.o
 .text.calc_rssi_min_max
                0x0001b380      0x120 _build/transport.o
 .text.beacon_timer_handler
                0x0001b4a0       0x6c _build/transport.o
 .text.on_adv_evt
                0x0001b50c       0x48 _build/transport.o
 .text.advertising_init
                0x0001b554       0xbc _build/transport.o
                0x0001b554                advertising_init
 .text.on_ble_evt
                0x0001b610      0x1c8 _build/transport.o
                0x0001b610                on_ble_evt
 .text.create_beacon_timer
                0x0001b7d8       0x38 _build/transport.o
                0x0001b7d8                create_beacon_timer
 .text.mesh_transport_run
                0x0001b810       0xdc _build/transport.o
                0x0001b810                mesh_transport_run
 .text.sd_ble_gap_address_get
                0x0001b8ec        0x4 _build/ble_advdata.o
 .text.sd_ble_gap_adv_data_set
                0x0001b8f0        0x4 _build/ble_advdata.o
 .text.sd_ble_gap_appearance_get
                0x0001b8f4        0x4 _build/ble_advdata.o
 .text.sd_ble_gap_device_name_get
                0x0001b8f8        0x4 _build/ble_advdata.o
 .text.sd_ble_uuid_encode
                0x0001b8fc        0x4 _build/ble_advdata.o
 .text.name_encode
                0x0001b900       0x8c _build/ble_advdata.o
 .text.uuid_list_sized_encode
                0x0001b98c       0xe8 _build/ble_advdata.o
 .text.adv_data_encode
                0x0001ba74      0x550 _build/ble_advdata.o
                0x0001ba74                adv_data_encode
 .text.ble_advdata_set
                0x0001bfc4      0x508 _build/ble_advdata.o
                0x0001bfc4                ble_advdata_set
 .text.sd_ble_gap_adv_start
                0x0001c4cc        0x4 _build/ble_advertising.o
 .text.ble_advertising_init
                0x0001c4d0      0x148 _build/ble_advertising.o
                0x0001c4d0                ble_advertising_init
 .text.ble_advertising_start
                0x0001c618      0x2c4 _build/ble_advertising.o
                0x0001c618                ble_advertising_start
 .text.ble_advertising_peer_addr_reply
                0x0001c8dc       0x3c _build/ble_advertising.o
                0x0001c8dc                ble_advertising_peer_addr_reply
 .text.nrf_drv_common_irq_enable
                0x0001c918       0x80 _build/nrf_drv_common.o
                0x0001c918                nrf_drv_common_irq_enable
 .text.GPIOTE_IRQHandler
                0x0001c998      0x2a8 _build/nrf_drv_gpiote.o
                0x0001c998                GPIOTE_IRQHandler
 .text.pstorage_access_status_get
                0x0001cc40       0x28 _build/pstorage.o
                0x0001cc40                pstorage_access_status_get
 .text.nrf_drv_uart_init
                0x0001cc68      0x120 _build/nrf_drv_uart.o
                0x0001cc68                nrf_drv_uart_init
 .text.nrf_drv_uart_tx
                0x0001cd88       0xb4 _build/nrf_drv_uart.o
                0x0001cd88                nrf_drv_uart_tx
 .text.nrf_drv_uart_tx_in_progress
                0x0001ce3c       0x10 _build/nrf_drv_uart.o
                0x0001ce3c                nrf_drv_uart_tx_in_progress
 .text.nrf_drv_uart_rx
                0x0001ce4c      0x130 _build/nrf_drv_uart.o
                0x0001ce4c                nrf_drv_uart_rx
 .text.nrf_drv_uart_rx_enable
                0x0001cf7c       0x2c _build/nrf_drv_uart.o
                0x0001cf7c                nrf_drv_uart_rx_enable
 .text.UART0_IRQHandler
                0x0001cfa8      0x1a8 _build/nrf_drv_uart.o
                0x0001cfa8                UART0_IRQHandler
 .text.app_fifo_init
                0x0001d150       0x28 _build/app_fifo.o
                0x0001d150                app_fifo_init
 .text.app_fifo_put
                0x0001d178       0x28 _build/app_fifo.o
                0x0001d178                app_fifo_put
 .text.app_fifo_get
                0x0001d1a0       0x24 _build/app_fifo.o
                0x0001d1a0                app_fifo_get
 .text.fs_queued_op_count_get
                0x0001d1c4       0x18 _build/fstorage.o
                0x0001d1c4                fs_queued_op_count_get
 .text.rtc1_stop
                0x0001d1dc       0x78 _build/app_timer.o
 .text.RTC1_IRQHandler
                0x0001d254       0xdc _build/app_timer.o
                0x0001d254                RTC1_IRQHandler
 .text.SWI0_IRQHandler
                0x0001d330      0x448 _build/app_timer.o
                0x0001d330                SWI0_IRQHandler
 .text.app_timer_init
                0x0001d778       0xe4 _build/app_timer.o
                0x0001d778                app_timer_init
 .text.app_timer_create
                0x0001d85c       0x34 _build/app_timer.o
                0x0001d85c                app_timer_create
 .text.app_timer_start
                0x0001d890       0xf8 _build/app_timer.o
                0x0001d890                app_timer_start
 .text._write   0x0001d988       0x1c _build/retarget.o
                0x0001d988                _write
 .text._read    0x0001d9a4       0x14 _build/retarget.o
                0x0001d9a4                _read
 .text.uart_event_handler
                0x0001d9b8       0xc8 _build/app_uart_fifo.o
 .text.app_uart_init
                0x0001da80       0xa4 _build/app_uart_fifo.o
                0x0001da80                app_uart_init
 .text.app_uart_get
                0x0001db24       0x34 _build/app_uart_fifo.o
                0x0001db24                app_uart_get
 .text.app_uart_put
                0x0001db58       0x40 _build/app_uart_fifo.o
                0x0001db58                app_uart_put
 .text.app_error_handler_bare
                0x0001db98       0x20 _build/app_error.o
                0x0001db98                app_error_handler_bare
 .text.app_error_fault_handler
                0x0001dbb8       0x1c _build/app_error_weak.o
                0x0001dbb8                app_error_fault_handler
 .text.uart_error_cb
                0x0001dbd4       0x18 _build/nrf_log.o
                0x0001dbd4                uart_error_cb
 .text.log_uart_init
                0x0001dbec       0x50 _build/nrf_log.o
                0x0001dbec                log_uart_init
 .text.log_uart_printf
                0x0001dc3c       0x18 _build/nrf_log.o
                0x0001dc3c                log_uart_printf
 .text.sd_evt_get
                0x0001dc54        0x4 _build/softdevice_handler.o
 .text.sd_softdevice_enable
                0x0001dc58        0x4 _build/softdevice_handler.o
 .text.sd_ble_enable
                0x0001dc5c        0x4 _build/softdevice_handler.o
 .text.sd_ble_evt_get
                0x0001dc60        0x4 _build/softdevice_handler.o
 .text.softdevice_fault_handler
                0x0001dc64        0x8 _build/softdevice_handler.o
                0x0001dc64                softdevice_fault_handler
 .text.intern_softdevice_events_execute.part.0
                0x0001dc6c       0xd8 _build/softdevice_handler.o
 .text.softdevice_handler_init
                0x0001dd44       0x7c _build/softdevice_handler.o
                0x0001dd44                softdevice_handler_init
 .text.softdevice_ble_evt_handler_set
                0x0001ddc0       0x14 _build/softdevice_handler.o
                0x0001ddc0                softdevice_ble_evt_handler_set
 .text.softdevice_sys_evt_handler_set
                0x0001ddd4       0x14 _build/softdevice_handler.o
                0x0001ddd4                softdevice_sys_evt_handler_set
 .text.SWI2_IRQHandler
                0x0001dde8       0x30 _build/softdevice_handler.o
                0x0001dde8                SWI2_IRQHandler
 .text.softdevice_enable_get_default_config
                0x0001de18       0x30 _build/softdevice_handler.o
                0x0001de18                softdevice_enable_get_default_config
 .text.sd_check_ram_start
                0x0001de48       0x14 _build/softdevice_handler.o
                0x0001de48                sd_check_ram_start
 .text.softdevice_enable
                0x0001de5c       0x1c _build/softdevice_handler.o
                0x0001de5c                softdevice_enable
 .text.SystemInit
                0x0001de78       0xec _build/system_nrf51.o
                0x0001de78                SystemInit
 .text          0x0001df64       0x4c _build/gcc_startup_nrf51.o
                0x0001df64                Reset_Handler
                0x0001dfa4                NMI_Handler
                0x0001dfa6                HardFault_Handler
                0x0001dfa8                SVC_Handler
                0x0001dfaa                PendSV_Handler
                0x0001dfac                SysTick_Handler
                0x0001dfae                RTC0_IRQHandler
                0x0001dfae                POWER_CLOCK_IRQHandler
                0x0001dfae                SPI0_TWI0_IRQHandler
                0x0001dfae                LPCOMP_IRQHandler
                0x0001dfae                SWI4_IRQHandler
                0x0001dfae                TEMP_IRQHandler
                0x0001dfae                QDEC_IRQHandler
                0x0001dfae                SWI5_IRQHandler
                0x0001dfae                TIMER0_IRQHandler
                0x0001dfae                RADIO_IRQHandler
                0x0001dfae                TIMER1_IRQHandler
                0x0001dfae                ECB_IRQHandler
                0x0001dfae                Default_Handler
                0x0001dfae                ADC_IRQHandler
                0x0001dfae                SWI3_IRQHandler
                0x0001dfae                CCM_AAR_IRQHandler
                0x0001dfae                WDT_IRQHandler
                0x0001dfae                TIMER2_IRQHandler
                0x0001dfae                RNG_IRQHandler
                0x0001dfae                SPI1_TWI1_IRQHandler
                0x0001dfae                SWI1_IRQHandler
 .text          0x0001dfb0      0x120 c:/program files (x86)/gnu tools arm embedded/4.9 2015q2/bin/../lib/gcc/arm-none-eabi/4.9.3/armv6-m\libgcc.a(_udivsi3.o)
                0x0001dfb0                __aeabi_uidiv
                0x0001dfb0                __udivsi3
                0x0001e0bc                __aeabi_uidivmod
 .text          0x0001e0d0        0x4 c:/program files (x86)/gnu tools arm embedded/4.9 2015q2/bin/../lib/gcc/arm-none-eabi/4.9.3/armv6-m\libgcc.a(_dvmd_tls.o)
                0x0001e0d0                __aeabi_idiv0
                0x0001e0d0                __aeabi_ldiv0
 .text.memcmp   0x0001e0d4       0x1e c:/program files (x86)/gnu tools arm embedded/4.9 2015q2/bin/../lib/gcc/arm-none-eabi/4.9.3/../../../../arm-none-eabi/lib/armv6-m\libc_nano.a(lib_a-memcmp.o)
                0x0001e0d4                memcmp
 .text.memcpy   0x0001e0f2       0x12 c:/program files (x86)/gnu tools arm embedded/4.9 2015q2/bin/../lib/gcc/arm-none-eabi/4.9.3/../../../../arm-none-eabi/lib/armv6-m\libc_nano.a(lib_a-memcpy.o)
                0x0001e0f2                memcpy
 .text.vprintf  0x0001e104       0x2c c:/program files (x86)/gnu tools arm embedded/4.9 2015q2/bin/../lib/gcc/arm-none-eabi/4.9.3/../../../../arm-none-eabi/lib/armv6-m\libc_nano.a(lib_a-vprintf.o)
                0x0001e104                viprintf
                0x0001e104                vprintf
 .text._cleanup_r
                0x0001e130       0x10 c:/program files (x86)/gnu tools arm embedded/4.9 2015q2/bin/../lib/gcc/arm-none-eabi/4.9.3/../../../../arm-none-eabi/lib/armv6-m\libc_nano.a(lib_a-findfp.o)
                0x0001e130                _cleanup_r
 .text.std.isra.0
                0x0001e140       0x48 c:/program files (x86)/gnu tools arm embedded/4.9 2015q2/bin/../lib/gcc/arm-none-eabi/4.9.3/../../../../arm-none-eabi/lib/armv6-m\libc_nano.a(lib_a-findfp.o)
 .text.__sfmoreglue
                0x0001e188       0x2c c:/program files (x86)/gnu tools arm embedded/4.9 2015q2/bin/../lib/gcc/arm-none-eabi/4.9.3/../../../../arm-none-eabi/lib/armv6-m\libc_nano.a(lib_a-findfp.o)
                0x0001e188                __sfmoreglue
 .text.__sinit  0x0001e1b4       0x64 c:/program files (x86)/gnu tools arm embedded/4.9 2015q2/bin/../lib/gcc/arm-none-eabi/4.9.3/../../../../arm-none-eabi/lib/armv6-m\libc_nano.a(lib_a-findfp.o)
                0x0001e1b4                __sinit
 .text.__sfp    0x0001e218       0x7c c:/program files (x86)/gnu tools arm embedded/4.9 2015q2/bin/../lib/gcc/arm-none-eabi/4.9.3/../../../../arm-none-eabi/lib/armv6-m\libc_nano.a(lib_a-findfp.o)
                0x0001e218                __sfp
 .text._fwalk_reent
                0x0001e294       0x42 c:/program files (x86)/gnu tools arm embedded/4.9 2015q2/bin/../lib/gcc/arm-none-eabi/4.9.3/../../../../arm-none-eabi/lib/armv6-m\libc_nano.a(lib_a-fwalk.o)
                0x0001e294                _fwalk_reent
 *fill*         0x0001e2d6        0x2 
 .text._malloc_r
                0x0001e2d8       0xb0 c:/program files (x86)/gnu tools arm embedded/4.9 2015q2/bin/../lib/gcc/arm-none-eabi/4.9.3/../../../../arm-none-eabi/lib/armv6-m\libc_nano.a(lib_a-nano-mallocr.o)
                0x0001e2d8                _malloc_r
 .text.__sfputc_r
                0x0001e388       0x2a c:/program files (x86)/gnu tools arm embedded/4.9 2015q2/bin/../lib/gcc/arm-none-eabi/4.9.3/../../../../arm-none-eabi/lib/armv6-m\libc_nano.a(lib_a-nano-vfprintf.o)
 .text.__sfputs_r
                0x0001e3b2       0x24 c:/program files (x86)/gnu tools arm embedded/4.9 2015q2/bin/../lib/gcc/arm-none-eabi/4.9.3/../../../../arm-none-eabi/lib/armv6-m\libc_nano.a(lib_a-nano-vfprintf.o)
                0x0001e3b2                __sfputs_r
 *fill*         0x0001e3d6        0x2 
 .text._vfprintf_r
                0x0001e3d8      0x220 c:/program files (x86)/gnu tools arm embedded/4.9 2015q2/bin/../lib/gcc/arm-none-eabi/4.9.3/../../../../arm-none-eabi/lib/armv6-m\libc_nano.a(lib_a-nano-vfprintf.o)
                0x0001e3d8                _vfprintf_r
                0x0001e3d8                _vfiprintf_r
 .text._printf_common
                0x0001e5f8       0xdc c:/program files (x86)/gnu tools arm embedded/4.9 2015q2/bin/../lib/gcc/arm-none-eabi/4.9.3/../../../../arm-none-eabi/lib/armv6-m\libc_nano.a(lib_a-nano-vfprintf_i.o)
                0x0001e5f8                _printf_common
 .text._printf_i
                0x0001e6d4      0x230 c:/program files (x86)/gnu tools arm embedded/4.9 2015q2/bin/../lib/gcc/arm-none-eabi/4.9.3/../../../../arm-none-eabi/lib/armv6-m\libc_nano.a(lib_a-nano-vfprintf_i.o)
                0x0001e6d4                _printf_i
 .text._sbrk_r  0x0001e904       0x24 c:/program files (x86)/gnu tools arm embedded/4.9 2015q2/bin/../lib/gcc/arm-none-eabi/4.9.3/../../../../arm-none-eabi/lib/armv6-m\libc_nano.a(lib_a-sbrkr.o)
                0x0001e904                _sbrk_r
 .text.__sread  0x0001e928       0x28 c:/program files (x86)/gnu tools arm embedded/4.9 2015q2/bin/../lib/gcc/arm-none-eabi/4.9.3/../../../../arm-none-eabi/lib/armv6-m\libc_nano.a(lib_a-stdio.o)
                0x0001e928                __sread
 .text.__swrite
                0x0001e950       0x38 c:/program files (x86)/gnu tools arm embedded/4.9 2015q2/bin/../lib/gcc/arm-none-eabi/4.9.3/../../../../arm-none-eabi/lib/armv6-m\libc_nano.a(lib_a-stdio.o)
                0x0001e950                __swrite
 .text.__sseek  0x0001e988       0x2c c:/program files (x86)/gnu tools arm embedded/4.9 2015q2/bin/../lib/gcc/arm-none-eabi/4.9.3/../../../../arm-none-eabi/lib/armv6-m\libc_nano.a(lib_a-stdio.o)
                0x0001e988                __sseek
 .text.__sclose
                0x0001e9b4        0xc c:/program files (x86)/gnu tools arm embedded/4.9 2015q2/bin/../lib/gcc/arm-none-eabi/4.9.3/../../../../arm-none-eabi/lib/armv6-m\libc_nano.a(lib_a-stdio.o)
                0x0001e9b4                __sclose
 .text.__swbuf_r
                0x0001e9c0       0xb0 c:/program files (x86)/gnu tools arm embedded/4.9 2015q2/bin/../lib/gcc/arm-none-eabi/4.9.3/../../../../arm-none-eabi/lib/armv6-m\libc_nano.a(lib_a-wbuf.o)
                0x0001e9c0                __swbuf_r
 .text._write_r
                0x0001ea70       0x28 c:/program files (x86)/gnu tools arm embedded/4.9 2015q2/bin/../lib/gcc/arm-none-eabi/4.9.3/../../../../arm-none-eabi/lib/armv6-m\libc_nano.a(lib_a-writer.o)
                0x0001ea70                _write_r
 .text.__swsetup_r
                0x0001ea98       0xe8 c:/program files (x86)/gnu tools arm embedded/4.9 2015q2/bin/../lib/gcc/arm-none-eabi/4.9.3/../../../../arm-none-eabi/lib/armv6-m\libc_nano.a(lib_a-wsetup.o)
                0x0001ea98                __swsetup_r
 .text._close_r
                0x0001eb80       0x24 c:/program files (x86)/gnu tools arm embedded/4.9 2015q2/bin/../lib/gcc/arm-none-eabi/4.9.3/../../../../arm-none-eabi/lib/armv6-m\libc_nano.a(lib_a-closer.o)
                0x0001eb80                _close_r
 .text.__sflush_r
                0x0001eba4      0x112 c:/program files (x86)/gnu tools arm embedded/4.9 2015q2/bin/../lib/gcc/arm-none-eabi/4.9.3/../../../../arm-none-eabi/lib/armv6-m\libc_nano.a(lib_a-fflush.o)
                0x0001eba4                __sflush_r
 *fill*         0x0001ecb6        0x2 
 .text._fflush_r
                0x0001ecb8       0x58 c:/program files (x86)/gnu tools arm embedded/4.9 2015q2/bin/../lib/gcc/arm-none-eabi/4.9.3/../../../../arm-none-eabi/lib/armv6-m\libc_nano.a(lib_a-fflush.o)
                0x0001ecb8                _fflush_r
 .text._lseek_r
                0x0001ed10       0x28 c:/program files (x86)/gnu tools arm embedded/4.9 2015q2/bin/../lib/gcc/arm-none-eabi/4.9.3/../../../../arm-none-eabi/lib/armv6-m\libc_nano.a(lib_a-lseekr.o)
                0x0001ed10                _lseek_r
 .text.__smakebuf_r
                0x0001ed38       0xb0 c:/program files (x86)/gnu tools arm embedded/4.9 2015q2/bin/../lib/gcc/arm-none-eabi/4.9.3/../../../../arm-none-eabi/lib/armv6-m\libc_nano.a(lib_a-makebuf.o)
                0x0001ed38                __smakebuf_r
 .text.memchr   0x0001ede8       0x16 c:/program files (x86)/gnu tools arm embedded/4.9 2015q2/bin/../lib/gcc/arm-none-eabi/4.9.3/../../../../arm-none-eabi/lib/armv6-m\libc_nano.a(lib_a-memchr.o)
                0x0001ede8                memchr
 *fill*         0x0001edfe        0x2 
 .text._free_r  0x0001ee00       0x8c c:/program files (x86)/gnu tools arm embedded/4.9 2015q2/bin/../lib/gcc/arm-none-eabi/4.9.3/../../../../arm-none-eabi/lib/armv6-m\libc_nano.a(lib_a-nano-freer.o)
                0x0001ee00                _free_r
 .text._read_r  0x0001ee8c       0x28 c:/program files (x86)/gnu tools arm embedded/4.9 2015q2/bin/../lib/gcc/arm-none-eabi/4.9.3/../../../../arm-none-eabi/lib/armv6-m\libc_nano.a(lib_a-readr.o)
                0x0001ee8c                _read_r
 .text._fstat_r
                0x0001eeb4       0x24 c:/program files (x86)/gnu tools arm embedded/4.9 2015q2/bin/../lib/gcc/arm-none-eabi/4.9.3/../../../../arm-none-eabi/lib/armv6-m\libc_nano.a(lib_a-fstatr.o)
                0x0001eeb4                _fstat_r
 .text._isatty_r
                0x0001eed8       0x24 c:/program files (x86)/gnu tools arm embedded/4.9 2015q2/bin/../lib/gcc/arm-none-eabi/4.9.3/../../../../arm-none-eabi/lib/armv6-m\libc_nano.a(lib_a-isattyr.o)
                0x0001eed8                _isatty_r
 .text._close   0x0001eefc       0x10 c:/program files (x86)/gnu tools arm embedded/4.9 2015q2/bin/../lib/gcc/arm-none-eabi/4.9.3/../../../../arm-none-eabi/lib/armv6-m\libnosys.a(close.o)
                0x0001eefc                _close
 .text._fstat   0x0001ef0c       0x10 c:/program files (x86)/gnu tools arm embedded/4.9 2015q2/bin/../lib/gcc/arm-none-eabi/4.9.3/../../../../arm-none-eabi/lib/armv6-m\libnosys.a(fstat.o)
                0x0001ef0c                _fstat
 .text._isatty  0x0001ef1c       0x10 c:/program files (x86)/gnu tools arm embedded/4.9 2015q2/bin/../lib/gcc/arm-none-eabi/4.9.3/../../../../arm-none-eabi/lib/armv6-m\libnosys.a(isatty.o)
                0x0001ef1c                _isatty
 .text._lseek   0x0001ef2c       0x10 c:/program files (x86)/gnu tools arm embedded/4.9 2015q2/bin/../lib/gcc/arm-none-eabi/4.9.3/../../../../arm-none-eabi/lib/armv6-m\libnosys.a(lseek.o)
                0x0001ef2c                _lseek
 .text._sbrk    0x0001ef3c       0x1c c:/program files (x86)/gnu tools arm embedded/4.9 2015q2/bin/../lib/gcc/arm-none-eabi/4.9.3/../../../../arm-none-eabi/lib/armv6-m\libnosys.a(sbrk.o)
                0x0001ef3c                _sbrk
 *(.init)
 .init          0x0001ef58        0x4 c:/program files (x86)/gnu tools arm embedded/4.9 2015q2/bin/../lib/gcc/arm-none-eabi/4.9.3/armv6-m/crti.o
                0x0001ef58                _init
 .init          0x0001ef5c        0x8 c:/program files (x86)/gnu tools arm embedded/4.9 2015q2/bin/../lib/gcc/arm-none-eabi/4.9.3/armv6-m/crtn.o
 *(.fini)
 .fini          0x0001ef64        0x4 c:/program files (x86)/gnu tools arm embedded/4.9 2015q2/bin/../lib/gcc/arm-none-eabi/4.9.3/armv6-m/crti.o
                0x0001ef64                _fini
 .fini          0x0001ef68        0x8 c:/program files (x86)/gnu tools arm embedded/4.9 2015q2/bin/../lib/gcc/arm-none-eabi/4.9.3/armv6-m/crtn.o
 *crtbegin.o(.ctors)
 *crtbegin?.o(.ctors)
 *(EXCLUDE_FILE(*crtend.o *crtend?.o) .ctors)
 *(SORT(.ctors.*))
 *(.ctors)
 *crtbegin.o(.dtors)
 *crtbegin?.o(.dtors)
 *(EXCLUDE_FILE(*crtend.o *crtend?.o) .dtors)
 *(SORT(.dtors.*))
 *(.dtors)
 *(.rodata*)
 .rodata.str1.1
                0x0001ef70        0x2 c:/program files (x86)/gnu tools arm embedded/4.9 2015q2/bin/../lib/gcc/arm-none-eabi/4.9.3/../../../../arm-none-eabi/lib/armv6-m\libc_nano.a(lib_a-impure.o)
 *fill*         0x0001ef72        0x2 
 .rodata._global_impure_ptr
                0x0001ef74        0x4 c:/program files (x86)/gnu tools arm embedded/4.9 2015q2/bin/../lib/gcc/arm-none-eabi/4.9.3/../../../../arm-none-eabi/lib/armv6-m\libc_nano.a(lib_a-impure.o)
                0x0001ef74                _global_impure_ptr
 .rodata        0x0001ef78        0x4 _build/main.o
 .rodata.str1.4
                0x0001ef7c       0x28 _build/application.o
 .rodata        0x0001efa4        0x7 _build/transport.o
 *fill*         0x0001efab        0x1 
 .rodata.str1.4
                0x0001efac       0x64 _build/transport.o
                                 0x62 (size before relaxing)
 .rodata.beacon_refresh_id
                0x0001f010        0x4 _build/transport.o
 .rodata.m_default_config
                0x0001f014       0x20 _build/nrf_drv_uart.o
 .rodata        0x0001f034       0x20 _build/app_uart_fifo.o
 .rodata        0x0001f054        0xc _build/nrf_log.o
 .rodata.__sf_fake_stdin
                0x0001f060       0x20 c:/program files (x86)/gnu tools arm embedded/4.9 2015q2/bin/../lib/gcc/arm-none-eabi/4.9.3/../../../../arm-none-eabi/lib/armv6-m\libc_nano.a(lib_a-findfp.o)
                0x0001f060                __sf_fake_stdin
 .rodata.__sf_fake_stdout
                0x0001f080       0x20 c:/program files (x86)/gnu tools arm embedded/4.9 2015q2/bin/../lib/gcc/arm-none-eabi/4.9.3/../../../../arm-none-eabi/lib/armv6-m\libc_nano.a(lib_a-findfp.o)
                0x0001f080                __sf_fake_stdout
 .rodata.__sf_fake_stderr
                0x0001f0a0       0x20 c:/program files (x86)/gnu tools arm embedded/4.9 2015q2/bin/../lib/gcc/arm-none-eabi/4.9.3/../../../../arm-none-eabi/lib/armv6-m\libc_nano.a(lib_a-findfp.o)
                0x0001f0a0                __sf_fake_stderr
 .rodata.str1.1
                0x0001f0c0       0x11 c:/program files (x86)/gnu tools arm embedded/4.9 2015q2/bin/../lib/gcc/arm-none-eabi/4.9.3/../../../../arm-none-eabi/lib/armv6-m\libc_nano.a(lib_a-nano-vfprintf.o)
 .rodata.str1.1
                0x0001f0d1       0x22 c:/program files (x86)/gnu tools arm embedded/4.9 2015q2/bin/../lib/gcc/arm-none-eabi/4.9.3/../../../../arm-none-eabi/lib/armv6-m\libc_nano.a(lib_a-nano-vfprintf_i.o)
 *(.eh_frame*)
 *fill*         0x0001f0f3        0x1 
 .eh_frame      0x0001f0f4        0x0 c:/program files (x86)/gnu tools arm embedded/4.9 2015q2/bin/../lib/gcc/arm-none-eabi/4.9.3/armv6-m/crtbegin.o
 .eh_frame      0x0001f0f4        0x4 c:/program files (x86)/gnu tools arm embedded/4.9 2015q2/bin/../lib/gcc/arm-none-eabi/4.9.3/armv6-m/crtend.o

.glue_7         0x0001f0f8        0x0
 .glue_7        0x00000000        0x0 linker stubs

.glue_7t        0x0001f0f8        0x0
 .glue_7t       0x00000000        0x0 linker stubs

.vfp11_veneer   0x0001f0f8        0x0
 .vfp11_veneer  0x00000000        0x0 linker stubs

.v4_bx          0x0001f0f8        0x0
 .v4_bx         0x00000000        0x0 linker stubs

.iplt           0x0001f0f8        0x0
 .iplt          0x00000000        0x0 c:/program files (x86)/gnu tools arm embedded/4.9 2015q2/bin/../lib/gcc/arm-none-eabi/4.9.3/armv6-m/crtbegin.o

.ARM.extab
 *(.ARM.extab* .gnu.linkonce.armextab.*)
                0x0001f0f8                __exidx_start = .

.ARM.exidx      0x0001f0f8        0x8
 *(.ARM.exidx* .gnu.linkonce.armexidx.*)
 .ARM.exidx     0x0001f0f8        0x8 c:/program files (x86)/gnu tools arm embedded/4.9 2015q2/bin/../lib/gcc/arm-none-eabi/4.9.3/../../../../arm-none-eabi/lib/armv6-m/crt0.o
                0x0001f100                __exidx_end = .
                0x0001f100                __etext = .

.rel.dyn        0x0001f100        0x0
 .rel.iplt      0x00000000        0x0 c:/program files (x86)/gnu tools arm embedded/4.9 2015q2/bin/../lib/gcc/arm-none-eabi/4.9.3/armv6-m/crtbegin.o

.data           0x20001eb0       0x74 load address 0x0001f100
                0x20001eb0                __data_start__ = .
 *(vtable)
 *(.data*)
 .data.impure_data
                0x20001eb0       0x60 c:/program files (x86)/gnu tools arm embedded/4.9 2015q2/bin/../lib/gcc/arm-none-eabi/4.9.3/../../../../arm-none-eabi/lib/armv6-m\libc_nano.a(lib_a-impure.o)
 .data._impure_ptr
                0x20001f10        0x4 c:/program files (x86)/gnu tools arm embedded/4.9 2015q2/bin/../lib/gcc/arm-none-eabi/4.9.3/../../../../arm-none-eabi/lib/armv6-m\libc_nano.a(lib_a-impure.o)
                0x20001f10                _impure_ptr
 .data.time_counter
                0x20001f14        0x3 _build/transport.o
 .data.min_rssi
                0x20001f17        0x1 _build/transport.o
                0x20001f18                . = ALIGN (0x4)
                0x20001f18                PROVIDE (__preinit_array_start, .)
 *(.preinit_array)
                0x20001f18                PROVIDE (__preinit_array_end, .)
                0x20001f18                . = ALIGN (0x4)
                0x20001f18                PROVIDE (__init_array_start, .)
 *(SORT(.init_array.*))
 *(.init_array)
 .init_array    0x20001f18        0x4 c:/program files (x86)/gnu tools arm embedded/4.9 2015q2/bin/../lib/gcc/arm-none-eabi/4.9.3/armv6-m/crtbegin.o
                0x20001f1c                PROVIDE (__init_array_end, .)
                0x20001f1c                . = ALIGN (0x4)
                0x20001f1c                PROVIDE (__fini_array_start, .)
 *(SORT(.fini_array.*))
 *(.fini_array)
 .fini_array    0x20001f1c        0x4 c:/program files (x86)/gnu tools arm embedded/4.9 2015q2/bin/../lib/gcc/arm-none-eabi/4.9.3/armv6-m/crtbegin.o
                0x20001f20                PROVIDE (__fini_array_end, .)
 *(.jcr*)
 .jcr           0x20001f20        0x0 c:/program files (x86)/gnu tools arm embedded/4.9 2015q2/bin/../lib/gcc/arm-none-eabi/4.9.3/armv6-m/crtbegin.o
 .jcr           0x20001f20        0x4 c:/program files (x86)/gnu tools arm embedded/4.9 2015q2/bin/../lib/gcc/arm-none-eabi/4.9.3/armv6-m/crtend.o
                0x20001f24                . = ALIGN (0x4)
                0x20001f24                __data_end__ = .
LOAD c:/program files (x86)/gnu tools arm embedded/4.9 2015q2/bin/../lib/gcc/arm-none-eabi/4.9.3/armv6-m/crti.o
LOAD c:/program files (x86)/gnu tools arm embedded/4.9 2015q2/bin/../lib/gcc/arm-none-eabi/4.9.3/armv6-m/crtbegin.o
LOAD c:/program files (x86)/gnu tools arm embedded/4.9 2015q2/bin/../lib/gcc/arm-none-eabi/4.9.3/../../../../arm-none-eabi/lib/armv6-m/crt0.o
LOAD c:/program files (x86)/gnu tools arm embedded/4.9 2015q2/bin/../lib/gcc/arm-none-eabi/4.9.3/../../../../arm-none-eabi/lib/armv6-m\libc_nano.a
LOAD c:/program files (x86)/gnu tools arm embedded/4.9 2015q2/bin/../lib/gcc/arm-none-eabi/4.9.3/../../../../arm-none-eabi/lib/armv6-m\libnosys.a
LOAD _build/main.o
LOAD _build/application.o
LOAD _build/transport.o
LOAD _build/bsp.o
LOAD _build/bsp_btn_ble.o
LOAD _build/ble_advdata.o
LOAD _build/ble_conn_params.o
LOAD _build/ble_advertising.o
LOAD _build/ble_srv_common.o
LOAD _build/ble_db_discovery.o
LOAD _build/device_manager_central.o
LOAD _build/nrf_drv_clock.o
LOAD _build/nrf_drv_common.o
LOAD _build/nrf_delay.o
LOAD _build/nrf_drv_gpiote.o
LOAD _build/pstorage.o
LOAD _build/nrf_drv_uart.o
LOAD _build/app_button.o
LOAD _build/app_fifo.o
LOAD _build/fstorage.o
LOAD _build/app_timer.o
LOAD _build/app_trace.o
LOAD _build/retarget.o
LOAD _build/app_uart_fifo.o
LOAD _build/app_error.o
LOAD _build/app_error_weak.o
LOAD _build/app_util_platform.o
LOAD _build/nrf_assert.o
LOAD _build/nrf_log.o
LOAD _build/softdevice_handler.o
LOAD _build/system_nrf51.o
LOAD _build/RTT_Syscalls_GCC.o
LOAD _build/SEGGER_RTT.o
LOAD _build/SEGGER_RTT_printf.o
LOAD _build/gcc_startup_nrf51.o
LOAD c:/program files (x86)/gnu tools arm embedded/4.9 2015q2/bin/../lib/gcc/arm-none-eabi/4.9.3/../../../../arm-none-eabi/lib/armv6-m\libm.a
START GROUP
LOAD c:/program files (x86)/gnu tools arm embedded/4.9 2015q2/bin/../lib/gcc/arm-none-eabi/4.9.3/armv6-m\libgcc.a
LOAD c:/program files (x86)/gnu tools arm embedded/4.9 2015q2/bin/../lib/gcc/arm-none-eabi/4.9.3/../../../../arm-none-eabi/lib/armv6-m\libc_nano.a
END GROUP
START GROUP
LOAD c:/program files (x86)/gnu tools arm embedded/4.9 2015q2/bin/../lib/gcc/arm-none-eabi/4.9.3/armv6-m\libgcc.a
LOAD c:/program files (x86)/gnu tools arm embedded/4.9 2015q2/bin/../lib/gcc/arm-none-eabi/4.9.3/../../../../arm-none-eabi/lib/armv6-m\libc_nano.a
END GROUP
LOAD c:/program files (x86)/gnu tools arm embedded/4.9 2015q2/bin/../lib/gcc/arm-none-eabi/4.9.3/armv6-m/crtend.o
LOAD c:/program files (x86)/gnu tools arm embedded/4.9 2015q2/bin/../lib/gcc/arm-none-eabi/4.9.3/armv6-m/crtn.o
START GROUP
LOAD c:/program files (x86)/gnu tools arm embedded/4.9 2015q2/bin/../lib/gcc/arm-none-eabi/4.9.3/armv6-m\libgcc.a
LOAD c:/program files (x86)/gnu tools arm embedded/4.9 2015q2/bin/../lib/gcc/arm-none-eabi/4.9.3/../../../../arm-none-eabi/lib/armv6-m\libc.a
LOAD c:/program files (x86)/gnu tools arm embedded/4.9 2015q2/bin/../lib/gcc/arm-none-eabi/4.9.3/../../../../arm-none-eabi/lib/armv6-m\libnosys.a
END GROUP

.igot.plt       0x20001f24        0x0 load address 0x0001f174
 .igot.plt      0x00000000        0x0 c:/program files (x86)/gnu tools arm embedded/4.9 2015q2/bin/../lib/gcc/arm-none-eabi/4.9.3/armv6-m/crtbegin.o

.fs_data        0x20001f24        0x0
                0x20001f24                PROVIDE (__start_fs_data, .)
 *(.fs_data)
                0x20001f24                PROVIDE (__stop_fs_data, .)

.bss            0x20001f24      0x730 load address 0x0001f174
                0x20001f24                . = ALIGN (0x4)
                0x20001f24                __bss_start__ = .
 *(.bss*)
 .bss           0x20001f24       0x1c c:/program files (x86)/gnu tools arm embedded/4.9 2015q2/bin/../lib/gcc/arm-none-eabi/4.9.3/armv6-m/crtbegin.o
 .bss.m_scan_param
                0x20001f40       0x10 _build/main.o
 .bss.BLE_EVT_BUFFER.8260
                0x20001f50       0x48 _build/main.o
 .bss.APP_TIMER_BUF.8283
                0x20001f98      0x138 _build/main.o
 .bss.min_index
                0x200020d0        0x1 _build/transport.o
                0x200020d0                min_index
 .bss.numberOfElements
                0x200020d1        0x1 _build/transport.o
                0x200020d1                numberOfElements
 .bss.max_rssi  0x200020d2        0x1 _build/transport.o
 .bss.max_index
                0x200020d3        0x1 _build/transport.o
 .bss.beacon_refresh_id_data
                0x200020d4       0x20 _build/transport.o
 .bss.isMinChanged
                0x200020f4        0x1 _build/transport.o
 *fill*         0x200020f5        0x3 
 .bss.m_manuf_specific_data
                0x200020f8        0xc _build/ble_advertising.o
 .bss.m_evt_handler
                0x20002104        0x4 _build/ble_advertising.o
 .bss.m_advertising_start_pending
                0x20002108        0x1 _build/ble_advertising.o
 *fill*         0x20002109        0x3 
 .bss.m_manuf_data_array
                0x2000210c       0x1f _build/ble_advertising.o
 .bss.m_whitelist_temporarily_disabled
                0x2000212b        0x1 _build/ble_advertising.o
 .bss.m_error_handler
                0x2000212c        0x4 _build/ble_advertising.o
 .bss.m_peer_address
                0x20002130        0x7 _build/ble_advertising.o
 *fill*         0x20002137        0x1 
 .bss.m_adv_modes_config
                0x20002138       0x24 _build/ble_advertising.o
 .bss.mp_whitelist_addr
                0x2000215c       0x20 _build/ble_advertising.o
 .bss.m_tx_power_level
                0x2000217c        0x1 _build/ble_advertising.o
 *fill*         0x2000217d        0x3 
 .bss.m_whitelist
                0x20002180       0x10 _build/ble_advertising.o
 .bss.m_service_data_array
                0x20002190       0x1f _build/ble_advertising.o
 .bss.m_whitelist_reply_expected
                0x200021af        0x1 _build/ble_advertising.o
 .bss.mp_whitelist_irk
                0x200021b0       0x20 _build/ble_advertising.o
 .bss.m_slave_conn_int
                0x200021d0        0x4 _build/ble_advertising.o
 .bss.m_peer_addr_reply_expected
                0x200021d4        0x1 _build/ble_advertising.o
 *fill*         0x200021d5        0x3 
 .bss.m_service_data
                0x200021d8        0xc _build/ble_advertising.o
 .bss.m_adv_evt
                0x200021e4        0x1 _build/ble_advertising.o
 *fill*         0x200021e5        0x3 
 .bss.m_cb      0x200021e8       0x48 _build/nrf_drv_gpiote.o
 .bss.m_cmd_queue
                0x20002230       0xcc _build/pstorage.o
 .bss.m_flags   0x200022fc        0x4 _build/pstorage.o
 .bss.m_cb      0x20002300       0x1c _build/nrf_drv_uart.o
 .bss.m_queue   0x2000231c       0x58 _build/fstorage.o
 .bss.m_ticks_latest
                0x20002374        0x4 _build/app_timer.o
 .bss.mp_timer_id_head
                0x20002378        0x4 _build/app_timer.o
 .bss.m_evt_schedule_func
                0x2000237c        0x4 _build/app_timer.o
 .bss.m_user_array_size
                0x20002380        0x1 _build/app_timer.o
 *fill*         0x20002381        0x3 
 .bss.mp_users  0x20002384        0x4 _build/app_timer.o
 .bss.m_ticks_elapsed_q_read_ind
                0x20002388        0x1 _build/app_timer.o
 .bss.m_ticks_elapsed_q_write_ind
                0x20002389        0x1 _build/app_timer.o
 .bss.m_rtc1_reset
                0x2000238a        0x1 _build/app_timer.o
 *fill*         0x2000238b        0x1 
 .bss.m_ticks_elapsed
                0x2000238c        0x8 _build/app_timer.o
 .bss.m_rtc1_running
                0x20002394        0x1 _build/app_timer.o
 *fill*         0x20002395        0x3 
 .bss.tx_buffer
                0x20002398        0x1 _build/app_uart_fifo.o
 *fill*         0x20002399        0x3 
 .bss.m_event_handler
                0x2000239c        0x4 _build/app_uart_fifo.o
 .bss.rx_buffer
                0x200023a0        0x1 _build/app_uart_fifo.o
 *fill*         0x200023a1        0x3 
 .bss.m_tx_fifo
                0x200023a4       0x10 _build/app_uart_fifo.o
 .bss.m_rx_fifo
                0x200023b4       0x10 _build/app_uart_fifo.o
 .bss.initialized.6581
                0x200023c4        0x1 _build/nrf_log.o
 *fill*         0x200023c5        0x3 
 .bss.tx_buf.6586
                0x200023c8      0x200 _build/nrf_log.o
 .bss.rx_buf.6585
                0x200025c8        0x1 _build/nrf_log.o
 .bss.m_softdevice_enabled
                0x200025c9        0x1 _build/softdevice_handler.o
 .bss.m_ble_evt_buffer_size
                0x200025ca        0x2 _build/softdevice_handler.o
 .bss.mp_ble_evt_buffer
                0x200025cc        0x4 _build/softdevice_handler.o
 .bss.m_sys_evt_handler
                0x200025d0        0x4 _build/softdevice_handler.o
 .bss.m_ble_evt_handler
                0x200025d4        0x4 _build/softdevice_handler.o
 .bss.m_evt_schedule_func
                0x200025d8        0x4 _build/softdevice_handler.o
 .bss.__malloc_sbrk_start
                0x200025dc        0x4 c:/program files (x86)/gnu tools arm embedded/4.9 2015q2/bin/../lib/gcc/arm-none-eabi/4.9.3/../../../../arm-none-eabi/lib/armv6-m\libc_nano.a(lib_a-nano-mallocr.o)
                0x200025dc                __malloc_sbrk_start
 .bss.__malloc_free_list
                0x200025e0        0x4 c:/program files (x86)/gnu tools arm embedded/4.9 2015q2/bin/../lib/gcc/arm-none-eabi/4.9.3/../../../../arm-none-eabi/lib/armv6-m\libc_nano.a(lib_a-nano-mallocr.o)
                0x200025e0                __malloc_free_list
 .bss.heap_end.4079
                0x200025e4        0x4 c:/program files (x86)/gnu tools arm embedded/4.9 2015q2/bin/../lib/gcc/arm-none-eabi/4.9.3/../../../../arm-none-eabi/lib/armv6-m\libnosys.a(sbrk.o)
 *(COMMON)
 COMMON         0x200025e8       0x24 _build/transport.o
                0x200025e8                beacons
 COMMON         0x2000260c       0x39 _build/ble_advertising.o
                0x2000260c                m_advdata
                0x20002644                m_adv_mode_current
 *fill*         0x20002645        0x3 
 COMMON         0x20002648        0x8 _build/softdevice_handler.o
                0x20002648                nrf_nvic_state
 COMMON         0x20002650        0x4 c:/program files (x86)/gnu tools arm embedded/4.9 2015q2/bin/../lib/gcc/arm-none-eabi/4.9.3/../../../../arm-none-eabi/lib/armv6-m\libc_nano.a(lib_a-reent.o)
                0x20002650                errno
                0x20002654                . = ALIGN (0x4)
                0x20002654                __bss_end__ = .

.heap           0x20002658        0x0
                0x20002658                __end__ = .
                0x20002658                PROVIDE (end, .)
 *(.heap*)
 .heap          0x20002658        0x0 _build/gcc_startup_nrf51.o
                0x20002658                __HeapLimit = .

.stack_dummy    0x20002658      0x800
 *(.stack*)
 .stack         0x20002658      0x800 _build/gcc_startup_nrf51.o
                0x20008000                __StackTop = (ORIGIN (RAM) + 0x6150)
                0x20007800                __StackLimit = (__StackTop - SIZEOF (.stack_dummy))
                0x20008000                PROVIDE (__stack, __StackTop)
                0x00000001                ASSERT ((__StackLimit >= __HeapLimit), region RAM overflowed with stack)
OUTPUT(_build/nrf51422_xxac_s130.out elf32-littlearm)

.ARM.attributes
                0x00000000       0x28
 .ARM.attributes
                0x00000000       0x1e c:/program files (x86)/gnu tools arm embedded/4.9 2015q2/bin/../lib/gcc/arm-none-eabi/4.9.3/armv6-m/crti.o
 .ARM.attributes
                0x0000001e       0x2c c:/program files (x86)/gnu tools arm embedded/4.9 2015q2/bin/../lib/gcc/arm-none-eabi/4.9.3/armv6-m/crtbegin.o
 .ARM.attributes
                0x0000004a       0x1b c:/program files (x86)/gnu tools arm embedded/4.9 2015q2/bin/../lib/gcc/arm-none-eabi/4.9.3/../../../../arm-none-eabi/lib/armv6-m/crt0.o
 .ARM.attributes
                0x00000065       0x2c c:/program files (x86)/gnu tools arm embedded/4.9 2015q2/bin/../lib/gcc/arm-none-eabi/4.9.3/../../../../arm-none-eabi/lib/armv6-m\libc_nano.a(lib_a-exit.o)
 .ARM.attributes
                0x00000091       0x2c c:/program files (x86)/gnu tools arm embedded/4.9 2015q2/bin/../lib/gcc/arm-none-eabi/4.9.3/../../../../arm-none-eabi/lib/armv6-m\libc_nano.a(lib_a-impure.o)
 .ARM.attributes
                0x000000bd       0x2c c:/program files (x86)/gnu tools arm embedded/4.9 2015q2/bin/../lib/gcc/arm-none-eabi/4.9.3/../../../../arm-none-eabi/lib/armv6-m\libc_nano.a(lib_a-init.o)
 .ARM.attributes
                0x000000e9       0x2c c:/program files (x86)/gnu tools arm embedded/4.9 2015q2/bin/../lib/gcc/arm-none-eabi/4.9.3/../../../../arm-none-eabi/lib/armv6-m\libc_nano.a(lib_a-memset.o)
 .ARM.attributes
                0x00000115       0x2c c:/program files (x86)/gnu tools arm embedded/4.9 2015q2/bin/../lib/gcc/arm-none-eabi/4.9.3/../../../../arm-none-eabi/lib/armv6-m\libnosys.a(_exit.o)
 .ARM.attributes
                0x00000141       0x31 _build/main.o
 .ARM.attributes
                0x00000172       0x31 _build/application.o
 .ARM.attributes
                0x000001a3       0x31 _build/transport.o
 .ARM.attributes
                0x000001d4       0x31 _build/ble_advdata.o
 .ARM.attributes
                0x00000205       0x31 _build/ble_advertising.o
 .ARM.attributes
                0x00000236       0x31 _build/nrf_drv_common.o
 .ARM.attributes
                0x00000267       0x31 _build/nrf_drv_gpiote.o
 .ARM.attributes
                0x00000298       0x31 _build/pstorage.o
 .ARM.attributes
                0x000002c9       0x31 _build/nrf_drv_uart.o
 .ARM.attributes
                0x000002fa       0x31 _build/app_fifo.o
 .ARM.attributes
                0x0000032b       0x31 _build/fstorage.o
 .ARM.attributes
                0x0000035c       0x31 _build/app_timer.o
 .ARM.attributes
                0x0000038d       0x31 _build/retarget.o
 .ARM.attributes
                0x000003be       0x31 _build/app_uart_fifo.o
 .ARM.attributes
                0x000003ef       0x31 _build/app_error.o
 .ARM.attributes
                0x00000420       0x31 _build/app_error_weak.o
 .ARM.attributes
                0x00000451       0x31 _build/nrf_log.o
 .ARM.attributes
                0x00000482       0x31 _build/softdevice_handler.o
 .ARM.attributes
                0x000004b3       0x31 _build/system_nrf51.o
 .ARM.attributes
                0x000004e4       0x1b _build/gcc_startup_nrf51.o
 .ARM.attributes
                0x000004ff       0x1e c:/program files (x86)/gnu tools arm embedded/4.9 2015q2/bin/../lib/gcc/arm-none-eabi/4.9.3/armv6-m\libgcc.a(_udivsi3.o)
 .ARM.attributes
                0x0000051d       0x1e c:/program files (x86)/gnu tools arm embedded/4.9 2015q2/bin/../lib/gcc/arm-none-eabi/4.9.3/armv6-m\libgcc.a(_dvmd_tls.o)
 .ARM.attributes
                0x0000053b       0x2c c:/program files (x86)/gnu tools arm embedded/4.9 2015q2/bin/../lib/gcc/arm-none-eabi/4.9.3/../../../../arm-none-eabi/lib/armv6-m\libc_nano.a(lib_a-memcmp.o)
 .ARM.attributes
                0x00000567       0x2c c:/program files (x86)/gnu tools arm embedded/4.9 2015q2/bin/../lib/gcc/arm-none-eabi/4.9.3/../../../../arm-none-eabi/lib/armv6-m\libc_nano.a(lib_a-memcpy.o)
 .ARM.attributes
                0x00000593       0x2c c:/program files (x86)/gnu tools arm embedded/4.9 2015q2/bin/../lib/gcc/arm-none-eabi/4.9.3/../../../../arm-none-eabi/lib/armv6-m\libc_nano.a(lib_a-vprintf.o)
 .ARM.attributes
                0x000005bf       0x2c c:/program files (x86)/gnu tools arm embedded/4.9 2015q2/bin/../lib/gcc/arm-none-eabi/4.9.3/../../../../arm-none-eabi/lib/armv6-m\libc_nano.a(lib_a-findfp.o)
 .ARM.attributes
                0x000005eb       0x2c c:/program files (x86)/gnu tools arm embedded/4.9 2015q2/bin/../lib/gcc/arm-none-eabi/4.9.3/../../../../arm-none-eabi/lib/armv6-m\libc_nano.a(lib_a-fwalk.o)
 .ARM.attributes
                0x00000617       0x2c c:/program files (x86)/gnu tools arm embedded/4.9 2015q2/bin/../lib/gcc/arm-none-eabi/4.9.3/../../../../arm-none-eabi/lib/armv6-m\libc_nano.a(lib_a-nano-mallocr.o)
 .ARM.attributes
                0x00000643       0x2c c:/program files (x86)/gnu tools arm embedded/4.9 2015q2/bin/../lib/gcc/arm-none-eabi/4.9.3/../../../../arm-none-eabi/lib/armv6-m\libc_nano.a(lib_a-nano-vfprintf.o)
 .ARM.attributes
                0x0000066f       0x2c c:/program files (x86)/gnu tools arm embedded/4.9 2015q2/bin/../lib/gcc/arm-none-eabi/4.9.3/../../../../arm-none-eabi/lib/armv6-m\libc_nano.a(lib_a-nano-vfprintf_i.o)
 .ARM.attributes
                0x0000069b       0x2c c:/program files (x86)/gnu tools arm embedded/4.9 2015q2/bin/../lib/gcc/arm-none-eabi/4.9.3/../../../../arm-none-eabi/lib/armv6-m\libc_nano.a(lib_a-sbrkr.o)
 .ARM.attributes
                0x000006c7       0x2c c:/program files (x86)/gnu tools arm embedded/4.9 2015q2/bin/../lib/gcc/arm-none-eabi/4.9.3/../../../../arm-none-eabi/lib/armv6-m\libc_nano.a(lib_a-stdio.o)
 .ARM.attributes
                0x000006f3       0x2c c:/program files (x86)/gnu tools arm embedded/4.9 2015q2/bin/../lib/gcc/arm-none-eabi/4.9.3/../../../../arm-none-eabi/lib/armv6-m\libc_nano.a(lib_a-wbuf.o)
 .ARM.attributes
                0x0000071f       0x2c c:/program files (x86)/gnu tools arm embedded/4.9 2015q2/bin/../lib/gcc/arm-none-eabi/4.9.3/../../../../arm-none-eabi/lib/armv6-m\libc_nano.a(lib_a-writer.o)
 .ARM.attributes
                0x0000074b       0x2c c:/program files (x86)/gnu tools arm embedded/4.9 2015q2/bin/../lib/gcc/arm-none-eabi/4.9.3/../../../../arm-none-eabi/lib/armv6-m\libc_nano.a(lib_a-wsetup.o)
 .ARM.attributes
                0x00000777       0x2c c:/program files (x86)/gnu tools arm embedded/4.9 2015q2/bin/../lib/gcc/arm-none-eabi/4.9.3/../../../../arm-none-eabi/lib/armv6-m\libc_nano.a(lib_a-closer.o)
 .ARM.attributes
                0x000007a3       0x2c c:/program files (x86)/gnu tools arm embedded/4.9 2015q2/bin/../lib/gcc/arm-none-eabi/4.9.3/../../../../arm-none-eabi/lib/armv6-m\libc_nano.a(lib_a-fflush.o)
 .ARM.attributes
                0x000007cf       0x2c c:/program files (x86)/gnu tools arm embedded/4.9 2015q2/bin/../lib/gcc/arm-none-eabi/4.9.3/../../../../arm-none-eabi/lib/armv6-m\libc_nano.a(lib_a-lseekr.o)
 .ARM.attributes
                0x000007fb       0x2c c:/program files (x86)/gnu tools arm embedded/4.9 2015q2/bin/../lib/gcc/arm-none-eabi/4.9.3/../../../../arm-none-eabi/lib/armv6-m\libc_nano.a(lib_a-makebuf.o)
 .ARM.attributes
                0x00000827       0x2c c:/program files (x86)/gnu tools arm embedded/4.9 2015q2/bin/../lib/gcc/arm-none-eabi/4.9.3/../../../../arm-none-eabi/lib/armv6-m\libc_nano.a(lib_a-memchr.o)
 .ARM.attributes
                0x00000853       0x2c c:/program files (x86)/gnu tools arm embedded/4.9 2015q2/bin/../lib/gcc/arm-none-eabi/4.9.3/../../../../arm-none-eabi/lib/armv6-m\libc_nano.a(lib_a-nano-freer.o)
 .ARM.attributes
                0x0000087f       0x2c c:/program files (x86)/gnu tools arm embedded/4.9 2015q2/bin/../lib/gcc/arm-none-eabi/4.9.3/../../../../arm-none-eabi/lib/armv6-m\libc_nano.a(lib_a-readr.o)
 .ARM.attributes
                0x000008ab       0x2c c:/program files (x86)/gnu tools arm embedded/4.9 2015q2/bin/../lib/gcc/arm-none-eabi/4.9.3/../../../../arm-none-eabi/lib/armv6-m\libc_nano.a(lib_a-reent.o)
 .ARM.attributes
                0x000008d7       0x2c c:/program files (x86)/gnu tools arm embedded/4.9 2015q2/bin/../lib/gcc/arm-none-eabi/4.9.3/../../../../arm-none-eabi/lib/armv6-m\libc_nano.a(lib_a-fstatr.o)
 .ARM.attributes
                0x00000903       0x2c c:/program files (x86)/gnu tools arm embedded/4.9 2015q2/bin/../lib/gcc/arm-none-eabi/4.9.3/../../../../arm-none-eabi/lib/armv6-m\libc_nano.a(lib_a-isattyr.o)
 .ARM.attributes
                0x0000092f       0x2c c:/program files (x86)/gnu tools arm embedded/4.9 2015q2/bin/../lib/gcc/arm-none-eabi/4.9.3/armv6-m/crtend.o
 .ARM.attributes
                0x0000095b       0x1e c:/program files (x86)/gnu tools arm embedded/4.9 2015q2/bin/../lib/gcc/arm-none-eabi/4.9.3/armv6-m/crtn.o
 .ARM.attributes
                0x00000979       0x2c c:/program files (x86)/gnu tools arm embedded/4.9 2015q2/bin/../lib/gcc/arm-none-eabi/4.9.3/../../../../arm-none-eabi/lib/armv6-m\libnosys.a(close.o)
 .ARM.attributes
                0x000009a5       0x2c c:/program files (x86)/gnu tools arm embedded/4.9 2015q2/bin/../lib/gcc/arm-none-eabi/4.9.3/../../../../arm-none-eabi/lib/armv6-m\libnosys.a(fstat.o)
 .ARM.attributes
                0x000009d1       0x2c c:/program files (x86)/gnu tools arm embedded/4.9 2015q2/bin/../lib/gcc/arm-none-eabi/4.9.3/../../../../arm-none-eabi/lib/armv6-m\libnosys.a(isatty.o)
 .ARM.attributes
                0x000009fd       0x2c c:/program files (x86)/gnu tools arm embedded/4.9 2015q2/bin/../lib/gcc/arm-none-eabi/4.9.3/../../../../arm-none-eabi/lib/armv6-m\libnosys.a(lseek.o)
 .ARM.attributes
                0x00000a29       0x2c c:/program files (x86)/gnu tools arm embedded/4.9 2015q2/bin/../lib/gcc/arm-none-eabi/4.9.3/../../../../arm-none-eabi/lib/armv6-m\libnosys.a(sbrk.o)

.comment        0x00000000       0x70
 .comment       0x00000000       0x70 _build/main.o
                                 0x71 (size before relaxing)
 .comment       0x00000000       0x71 _build/application.o
 .comment       0x00000000       0x71 _build/transport.o
 .comment       0x00000000       0x71 _build/ble_advdata.o
 .comment       0x00000000       0x71 _build/ble_advertising.o
 .comment       0x00000000       0x71 _build/nrf_drv_common.o
 .comment       0x00000000       0x71 _build/nrf_drv_gpiote.o
 .comment       0x00000000       0x71 _build/pstorage.o
 .comment       0x00000000       0x71 _build/nrf_drv_uart.o
 .comment       0x00000000       0x71 _build/app_fifo.o
 .comment       0x00000000       0x71 _build/fstorage.o
 .comment       0x00000000       0x71 _build/app_timer.o
 .comment       0x00000000       0x71 _build/retarget.o
 .comment       0x00000000       0x71 _build/app_uart_fifo.o
 .comment       0x00000000       0x71 _build/app_error.o
 .comment       0x00000000       0x71 _build/app_error_weak.o
 .comment       0x00000000       0x71 _build/nrf_log.o
 .comment       0x00000000       0x71 _build/softdevice_handler.o
 .comment       0x00000000       0x71 _build/system_nrf51.o

.debug_frame    0x00000000     0x19ec
 .debug_frame   0x00000000       0x28 c:/program files (x86)/gnu tools arm embedded/4.9 2015q2/bin/../lib/gcc/arm-none-eabi/4.9.3/../../../../arm-none-eabi/lib/armv6-m\libc_nano.a(lib_a-exit.o)
 .debug_frame   0x00000028       0x2c c:/program files (x86)/gnu tools arm embedded/4.9 2015q2/bin/../lib/gcc/arm-none-eabi/4.9.3/../../../../arm-none-eabi/lib/armv6-m\libc_nano.a(lib_a-init.o)
 .debug_frame   0x00000054       0x20 c:/program files (x86)/gnu tools arm embedded/4.9 2015q2/bin/../lib/gcc/arm-none-eabi/4.9.3/../../../../arm-none-eabi/lib/armv6-m\libc_nano.a(lib_a-memset.o)
 .debug_frame   0x00000074       0x20 c:/program files (x86)/gnu tools arm embedded/4.9 2015q2/bin/../lib/gcc/arm-none-eabi/4.9.3/../../../../arm-none-eabi/lib/armv6-m\libnosys.a(_exit.o)
 .debug_frame   0x00000094       0x58 _build/main.o
 .debug_frame   0x000000ec       0x40 _build/application.o
 .debug_frame   0x0000012c      0x13c _build/transport.o
 .debug_frame   0x00000268      0x104 _build/ble_advdata.o
 .debug_frame   0x0000036c       0xe8 _build/ble_advertising.o
 .debug_frame   0x00000454       0x30 _build/nrf_drv_common.o
 .debug_frame   0x00000484      0x200 _build/nrf_drv_gpiote.o
 .debug_frame   0x00000684      0x384 _build/pstorage.o
 .debug_frame   0x00000a08      0x12c _build/nrf_drv_uart.o
 .debug_frame   0x00000b34       0xbc _build/app_fifo.o
 .debug_frame   0x00000bf0      0x110 _build/fstorage.o
 .debug_frame   0x00000d00      0x128 _build/app_timer.o
 .debug_frame   0x00000e28       0x44 _build/retarget.o
 .debug_frame   0x00000e6c       0xb4 _build/app_uart_fifo.o
 .debug_frame   0x00000f20       0x5c _build/app_error.o
 .debug_frame   0x00000f7c       0x20 _build/app_error_weak.o
 .debug_frame   0x00000f9c      0x12c _build/nrf_log.o
 .debug_frame   0x000010c8      0x180 _build/softdevice_handler.o
 .debug_frame   0x00001248       0x30 _build/system_nrf51.o
 .debug_frame   0x00001278       0x20 c:/program files (x86)/gnu tools arm embedded/4.9 2015q2/bin/../lib/gcc/arm-none-eabi/4.9.3/armv6-m\libgcc.a(_udivsi3.o)
 .debug_frame   0x00001298       0x2c c:/program files (x86)/gnu tools arm embedded/4.9 2015q2/bin/../lib/gcc/arm-none-eabi/4.9.3/../../../../arm-none-eabi/lib/armv6-m\libc_nano.a(lib_a-memcmp.o)
 .debug_frame   0x000012c4       0x28 c:/program files (x86)/gnu tools arm embedded/4.9 2015q2/bin/../lib/gcc/arm-none-eabi/4.9.3/../../../../arm-none-eabi/lib/armv6-m\libc_nano.a(lib_a-memcpy.o)
 .debug_frame   0x000012ec       0x48 c:/program files (x86)/gnu tools arm embedded/4.9 2015q2/bin/../lib/gcc/arm-none-eabi/4.9.3/../../../../arm-none-eabi/lib/armv6-m\libc_nano.a(lib_a-vprintf.o)
 .debug_frame   0x00001334      0x140 c:/program files (x86)/gnu tools arm embedded/4.9 2015q2/bin/../lib/gcc/arm-none-eabi/4.9.3/../../../../arm-none-eabi/lib/armv6-m\libc_nano.a(lib_a-findfp.o)
 .debug_frame   0x00001474       0x58 c:/program files (x86)/gnu tools arm embedded/4.9 2015q2/bin/../lib/gcc/arm-none-eabi/4.9.3/../../../../arm-none-eabi/lib/armv6-m\libc_nano.a(lib_a-fwalk.o)
 .debug_frame   0x000014cc       0x2c c:/program files (x86)/gnu tools arm embedded/4.9 2015q2/bin/../lib/gcc/arm-none-eabi/4.9.3/../../../../arm-none-eabi/lib/armv6-m\libc_nano.a(lib_a-nano-mallocr.o)
 .debug_frame   0x000014f8       0xa0 c:/program files (x86)/gnu tools arm embedded/4.9 2015q2/bin/../lib/gcc/arm-none-eabi/4.9.3/../../../../arm-none-eabi/lib/armv6-m\libc_nano.a(lib_a-nano-vfprintf.o)
 .debug_frame   0x00001598       0x54 c:/program files (x86)/gnu tools arm embedded/4.9 2015q2/bin/../lib/gcc/arm-none-eabi/4.9.3/../../../../arm-none-eabi/lib/armv6-m\libc_nano.a(lib_a-nano-vfprintf_i.o)
 .debug_frame   0x000015ec       0x2c c:/program files (x86)/gnu tools arm embedded/4.9 2015q2/bin/../lib/gcc/arm-none-eabi/4.9.3/../../../../arm-none-eabi/lib/armv6-m\libc_nano.a(lib_a-sbrkr.o)
 .debug_frame   0x00001618       0x90 c:/program files (x86)/gnu tools arm embedded/4.9 2015q2/bin/../lib/gcc/arm-none-eabi/4.9.3/../../../../arm-none-eabi/lib/armv6-m\libc_nano.a(lib_a-stdio.o)
 .debug_frame   0x000016a8       0x44 c:/program files (x86)/gnu tools arm embedded/4.9 2015q2/bin/../lib/gcc/arm-none-eabi/4.9.3/../../../../arm-none-eabi/lib/armv6-m\libc_nano.a(lib_a-wbuf.o)
 .debug_frame   0x000016ec       0x2c c:/program files (x86)/gnu tools arm embedded/4.9 2015q2/bin/../lib/gcc/arm-none-eabi/4.9.3/../../../../arm-none-eabi/lib/armv6-m\libc_nano.a(lib_a-writer.o)
 .debug_frame   0x00001718       0x2c c:/program files (x86)/gnu tools arm embedded/4.9 2015q2/bin/../lib/gcc/arm-none-eabi/4.9.3/../../../../arm-none-eabi/lib/armv6-m\libc_nano.a(lib_a-wsetup.o)
 .debug_frame   0x00001744       0x2c c:/program files (x86)/gnu tools arm embedded/4.9 2015q2/bin/../lib/gcc/arm-none-eabi/4.9.3/../../../../arm-none-eabi/lib/armv6-m\libc_nano.a(lib_a-closer.o)
 .debug_frame   0x00001770       0x68 c:/program files (x86)/gnu tools arm embedded/4.9 2015q2/bin/../lib/gcc/arm-none-eabi/4.9.3/../../../../arm-none-eabi/lib/armv6-m\libc_nano.a(lib_a-fflush.o)
 .debug_frame   0x000017d8       0x2c c:/program files (x86)/gnu tools arm embedded/4.9 2015q2/bin/../lib/gcc/arm-none-eabi/4.9.3/../../../../arm-none-eabi/lib/armv6-m\libc_nano.a(lib_a-lseekr.o)
 .debug_frame   0x00001804       0x30 c:/program files (x86)/gnu tools arm embedded/4.9 2015q2/bin/../lib/gcc/arm-none-eabi/4.9.3/../../../../arm-none-eabi/lib/armv6-m\libc_nano.a(lib_a-makebuf.o)
 .debug_frame   0x00001834       0x20 c:/program files (x86)/gnu tools arm embedded/4.9 2015q2/bin/../lib/gcc/arm-none-eabi/4.9.3/../../../../arm-none-eabi/lib/armv6-m\libc_nano.a(lib_a-memchr.o)
 .debug_frame   0x00001854       0x2c c:/program files (x86)/gnu tools arm embedded/4.9 2015q2/bin/../lib/gcc/arm-none-eabi/4.9.3/../../../../arm-none-eabi/lib/armv6-m\libc_nano.a(lib_a-nano-freer.o)
 .debug_frame   0x00001880       0x2c c:/program files (x86)/gnu tools arm embedded/4.9 2015q2/bin/../lib/gcc/arm-none-eabi/4.9.3/../../../../arm-none-eabi/lib/armv6-m\libc_nano.a(lib_a-readr.o)
 .debug_frame   0x000018ac       0x48 c:/program files (x86)/gnu tools arm embedded/4.9 2015q2/bin/../lib/gcc/arm-none-eabi/4.9.3/../../../../arm-none-eabi/lib/armv6-m\libc_nano.a(lib_a-reent.o)
 .debug_frame   0x000018f4       0x2c c:/program files (x86)/gnu tools arm embedded/4.9 2015q2/bin/../lib/gcc/arm-none-eabi/4.9.3/../../../../arm-none-eabi/lib/armv6-m\libc_nano.a(lib_a-fstatr.o)
 .debug_frame   0x00001920       0x2c c:/program files (x86)/gnu tools arm embedded/4.9 2015q2/bin/../lib/gcc/arm-none-eabi/4.9.3/../../../../arm-none-eabi/lib/armv6-m\libc_nano.a(lib_a-isattyr.o)
 .debug_frame   0x0000194c       0x20 c:/program files (x86)/gnu tools arm embedded/4.9 2015q2/bin/../lib/gcc/arm-none-eabi/4.9.3/../../../../arm-none-eabi/lib/armv6-m\libnosys.a(close.o)
 .debug_frame   0x0000196c       0x20 c:/program files (x86)/gnu tools arm embedded/4.9 2015q2/bin/../lib/gcc/arm-none-eabi/4.9.3/../../../../arm-none-eabi/lib/armv6-m\libnosys.a(fstat.o)
 .debug_frame   0x0000198c       0x20 c:/program files (x86)/gnu tools arm embedded/4.9 2015q2/bin/../lib/gcc/arm-none-eabi/4.9.3/../../../../arm-none-eabi/lib/armv6-m\libnosys.a(isatty.o)
 .debug_frame   0x000019ac       0x20 c:/program files (x86)/gnu tools arm embedded/4.9 2015q2/bin/../lib/gcc/arm-none-eabi/4.9.3/../../../../arm-none-eabi/lib/armv6-m\libnosys.a(lseek.o)
 .debug_frame   0x000019cc       0x20 c:/program files (x86)/gnu tools arm embedded/4.9 2015q2/bin/../lib/gcc/arm-none-eabi/4.9.3/../../../../arm-none-eabi/lib/armv6-m\libnosys.a(sbrk.o)

.debug_info     0x00000000    0x17983
 .debug_info    0x00000000     0x1da6 _build/main.o
 .debug_info    0x00001da6      0x34d _build/application.o
 .debug_info    0x000020f3     0x2419 _build/transport.o
 .debug_info    0x0000450c     0x1cd8 _build/ble_advdata.o
 .debug_info    0x000061e4     0x2179 _build/ble_advertising.o
 .debug_info    0x0000835d      0x469 _build/nrf_drv_common.o
 .debug_info    0x000087c6     0x1f9a _build/nrf_drv_gpiote.o
 .debug_info    0x0000a760     0x3683 _build/pstorage.o
 .debug_info    0x0000dde3     0x24b4 _build/nrf_drv_uart.o
 .debug_info    0x00010297      0x5de _build/app_fifo.o
 .debug_info    0x00010875     0x1070 _build/fstorage.o
 .debug_info    0x000118e5     0x1bf6 _build/app_timer.o
 .debug_info    0x000134db      0xa0d _build/retarget.o
 .debug_info    0x00013ee8      0xb39 _build/app_uart_fifo.o
 .debug_info    0x00014a21      0x334 _build/app_error.o
 .debug_info    0x00014d55      0x1ec _build/app_error_weak.o
 .debug_info    0x00014f41      0x7b2 _build/nrf_log.o
 .debug_info    0x000156f3     0x20b7 _build/softdevice_handler.o
 .debug_info    0x000177aa      0x1d9 _build/system_nrf51.o

.debug_abbrev   0x00000000     0x3783
 .debug_abbrev  0x00000000      0x357 _build/main.o
 .debug_abbrev  0x00000357      0x1af _build/application.o
 .debug_abbrev  0x00000506      0x411 _build/transport.o
 .debug_abbrev  0x00000917      0x366 _build/ble_advdata.o
 .debug_abbrev  0x00000c7d      0x434 _build/ble_advertising.o
 .debug_abbrev  0x000010b1      0x188 _build/nrf_drv_common.o
 .debug_abbrev  0x00001239      0x462 _build/nrf_drv_gpiote.o
 .debug_abbrev  0x0000169b      0x439 _build/pstorage.o
 .debug_abbrev  0x00001ad4      0x3f8 _build/nrf_drv_uart.o
 .debug_abbrev  0x00001ecc      0x17b _build/app_fifo.o
 .debug_abbrev  0x00002047      0x3db _build/fstorage.o
 .debug_abbrev  0x00002422      0x403 _build/app_timer.o
 .debug_abbrev  0x00002825      0x223 _build/retarget.o
 .debug_abbrev  0x00002a48      0x242 _build/app_uart_fifo.o
 .debug_abbrev  0x00002c8a      0x130 _build/app_error.o
 .debug_abbrev  0x00002dba      0x108 _build/app_error_weak.o
 .debug_abbrev  0x00002ec2      0x2d8 _build/nrf_log.o
 .debug_abbrev  0x0000319a      0x4ed _build/softdevice_handler.o
 .debug_abbrev  0x00003687       0xfc _build/system_nrf51.o

.debug_loc      0x00000000     0xb847
 .debug_loc     0x00000000      0x1b2 _build/main.o
 .debug_loc     0x000001b2      0x109 _build/application.o
 .debug_loc     0x000002bb      0x696 _build/transport.o
 .debug_loc     0x00000951     0x1f63 _build/ble_advdata.o
 .debug_loc     0x000028b4      0x5a8 _build/ble_advertising.o
 .debug_loc     0x00002e5c       0xa2 _build/nrf_drv_common.o
 .debug_loc     0x00002efe     0x1882 _build/nrf_drv_gpiote.o
 .debug_loc     0x00004780     0x3203 _build/pstorage.o
 .debug_loc     0x00007983     0x1170 _build/nrf_drv_uart.o
 .debug_loc     0x00008af3      0x592 _build/app_fifo.o
 .debug_loc     0x00009085      0x7f8 _build/fstorage.o
 .debug_loc     0x0000987d     0x125e _build/app_timer.o
 .debug_loc     0x0000aadb      0x11a _build/retarget.o
 .debug_loc     0x0000abf5      0x3bd _build/app_uart_fifo.o
 .debug_loc     0x0000afb2      0x149 _build/app_error.o
 .debug_loc     0x0000b0fb       0x21 _build/app_error_weak.o
 .debug_loc     0x0000b11c      0x2f3 _build/nrf_log.o
 .debug_loc     0x0000b40f      0x438 _build/softdevice_handler.o

.debug_aranges  0x00000000      0x6d0
 .debug_aranges
                0x00000000       0x38 _build/main.o
 .debug_aranges
                0x00000038       0x28 _build/application.o
 .debug_aranges
                0x00000060       0x68 _build/transport.o
 .debug_aranges
                0x000000c8       0x60 _build/ble_advdata.o
 .debug_aranges
                0x00000128       0x60 _build/ble_advertising.o
 .debug_aranges
                0x00000188       0x20 _build/nrf_drv_common.o
 .debug_aranges
                0x000001a8       0xb8 _build/nrf_drv_gpiote.o
 .debug_aranges
                0x00000260       0xf0 _build/pstorage.o
 .debug_aranges
                0x00000350       0x70 _build/nrf_drv_uart.o
 .debug_aranges
                0x000003c0       0x50 _build/app_fifo.o
 .debug_aranges
                0x00000410       0x60 _build/fstorage.o
 .debug_aranges
                0x00000470       0x68 _build/app_timer.o
 .debug_aranges
                0x000004d8       0x28 _build/retarget.o
 .debug_aranges
                0x00000500       0x48 _build/app_uart_fifo.o
 .debug_aranges
                0x00000548       0x30 _build/app_error.o
 .debug_aranges
                0x00000578       0x20 _build/app_error_weak.o
 .debug_aranges
                0x00000598       0x70 _build/nrf_log.o
 .debug_aranges
                0x00000608       0xa0 _build/softdevice_handler.o
 .debug_aranges
                0x000006a8       0x28 _build/system_nrf51.o

.debug_ranges   0x00000000     0x2b28
 .debug_ranges  0x00000000      0x168 _build/main.o
 .debug_ranges  0x00000168       0x18 _build/application.o
 .debug_ranges  0x00000180      0x118 _build/transport.o
 .debug_ranges  0x00000298      0x250 _build/ble_advdata.o
 .debug_ranges  0x000004e8       0xd8 _build/ble_advertising.o
 .debug_ranges  0x000005c0       0x28 _build/nrf_drv_common.o
 .debug_ranges  0x000005e8      0x908 _build/nrf_drv_gpiote.o
 .debug_ranges  0x00000ef0      0xba0 _build/pstorage.o
 .debug_ranges  0x00001a90      0x4b0 _build/nrf_drv_uart.o
 .debug_ranges  0x00001f40       0xe8 _build/app_fifo.o
 .debug_ranges  0x00002028      0x1b8 _build/fstorage.o
 .debug_ranges  0x000021e0      0x640 _build/app_timer.o
 .debug_ranges  0x00002820       0x18 _build/retarget.o
 .debug_ranges  0x00002838       0x88 _build/app_uart_fifo.o
 .debug_ranges  0x000028c0       0x20 _build/app_error.o
 .debug_ranges  0x000028e0       0x10 _build/app_error_weak.o
 .debug_ranges  0x000028f0       0x78 _build/nrf_log.o
 .debug_ranges  0x00002968      0x148 _build/softdevice_handler.o
 .debug_ranges  0x00002ab0       0x78 _build/system_nrf51.o

.debug_macro    0x00000000     0xf200
 .debug_macro   0x00000000      0x3ec _build/main.o
 .debug_macro   0x000003ec      0x85c _build/main.o
 .debug_macro   0x00000c48       0x22 _build/main.o
 .debug_macro   0x00000c6a       0x44 _build/main.o
 .debug_macro   0x00000cae       0x58 _build/main.o
 .debug_macro   0x00000d06       0x22 _build/main.o
 .debug_macro   0x00000d28      0x1df _build/main.o
 .debug_macro   0x00000f07       0x58 _build/main.o
 .debug_macro   0x00000f5f       0x35 _build/main.o
 .debug_macro   0x00000f94       0x9c _build/main.o
 .debug_macro   0x00001030       0x16 _build/main.o
 .debug_macro   0x00001046       0x97 _build/main.o
 .debug_macro   0x000010dd      0x29d _build/main.o
 .debug_macro   0x0000137a       0xef _build/main.o
 .debug_macro   0x00001469       0x10 _build/main.o
 .debug_macro   0x00001479       0x52 _build/main.o
 .debug_macro   0x000014cb       0x16 _build/main.o
 .debug_macro   0x000014e1       0x43 _build/main.o
 .debug_macro   0x00001524      0x180 _build/main.o
 .debug_macro   0x000016a4       0x10 _build/main.o
 .debug_macro   0x000016b4       0x22 _build/main.o
 .debug_macro   0x000016d6       0xbe _build/main.o
 .debug_macro   0x00001794       0x16 _build/main.o
 .debug_macro   0x000017aa      0x197 _build/main.o
 .debug_macro   0x00001941       0x16 _build/main.o
 .debug_macro   0x00001957       0x35 _build/main.o
 .debug_macro   0x0000198c      0x11e _build/main.o
 .debug_macro   0x00001aaa       0x16 _build/main.o
 .debug_macro   0x00001ac0       0x1c _build/main.o
 .debug_macro   0x00001adc       0x22 _build/main.o
 .debug_macro   0x00001afe       0x3a _build/main.o
 .debug_macro   0x00001b38       0x26 _build/main.o
 .debug_macro   0x00001b5e      0x30d _build/main.o
 .debug_macro   0x00001e6b      0x1d2 _build/main.o
 .debug_macro   0x0000203d     0x745a _build/main.o
 .debug_macro   0x00009497      0x976 _build/main.o
 .debug_macro   0x00009e0d       0x1c _build/main.o
 .debug_macro   0x00009e29       0x22 _build/main.o
 .debug_macro   0x00009e4b       0x9a _build/main.o
 .debug_macro   0x00009ee5       0x40 _build/main.o
 .debug_macro   0x00009f25       0x64 _build/main.o
 .debug_macro   0x00009f89       0x1c _build/main.o
 .debug_macro   0x00009fa5       0x8e _build/main.o
 .debug_macro   0x0000a033       0xd6 _build/main.o
 .debug_macro   0x0000a109      0x1fb _build/main.o
 .debug_macro   0x0000a304      0x3fa _build/main.o
 .debug_macro   0x0000a6fe       0x40 _build/main.o
 .debug_macro   0x0000a73e       0x22 _build/main.o
 .debug_macro   0x0000a760      0x201 _build/main.o
 .debug_macro   0x0000a961       0x1c _build/main.o
 .debug_macro   0x0000a97d       0xdb _build/main.o
 .debug_macro   0x0000aa58       0x24 _build/main.o
 .debug_macro   0x0000aa7c       0x67 _build/main.o
 .debug_macro   0x0000aae3       0xb8 _build/main.o
 .debug_macro   0x0000ab9b       0x40 _build/main.o
 .debug_macro   0x0000abdb       0x16 _build/main.o
 .debug_macro   0x0000abf1       0x16 _build/main.o
 .debug_macro   0x0000ac07       0x29 _build/main.o
 .debug_macro   0x0000ac30       0x76 _build/main.o
 .debug_macro   0x0000aca6       0x52 _build/main.o
 .debug_macro   0x0000acf8       0xfb _build/main.o
 .debug_macro   0x0000adf3       0x2b _build/main.o
 .debug_macro   0x0000ae1e       0x16 _build/main.o
 .debug_macro   0x0000ae34       0x10 _build/main.o
 .debug_macro   0x0000ae44      0x401 _build/main.o
 .debug_macro   0x0000b245       0x22 _build/main.o
 .debug_macro   0x0000b267       0x47 _build/main.o
 .debug_macro   0x0000b2ae       0x10 _build/main.o
 .debug_macro   0x0000b2be      0x263 _build/main.o
 .debug_macro   0x0000b521       0x22 _build/main.o
 .debug_macro   0x0000b543       0x10 _build/main.o
 .debug_macro   0x0000b553      0x17c _build/main.o
 .debug_macro   0x0000b6cf       0x10 _build/main.o
 .debug_macro   0x0000b6df       0x16 _build/main.o
 .debug_macro   0x0000b6f5      0x25d _build/application.o
 .debug_macro   0x0000b952       0x58 _build/application.o
 .debug_macro   0x0000b9aa       0x28 _build/application.o
 .debug_macro   0x0000b9d2      0x3f4 _build/application.o
 .debug_macro   0x0000bdc6       0x3a _build/application.o
 .debug_macro   0x0000be00      0x3a0 _build/transport.o
 .debug_macro   0x0000c1a0       0x70 _build/transport.o
 .debug_macro   0x0000c210       0x46 _build/transport.o
 .debug_macro   0x0000c256      0x26a _build/ble_advdata.o
 .debug_macro   0x0000c4c0      0x166 _build/ble_advdata.o
 .debug_macro   0x0000c626       0x10 _build/ble_advdata.o
 .debug_macro   0x0000c636      0x2ca _build/ble_advdata.o
 .debug_macro   0x0000c900       0x22 _build/ble_advdata.o
 .debug_macro   0x0000c922       0x37 _build/ble_advdata.o
 .debug_macro   0x0000c959      0x2b8 _build/ble_advertising.o
 .debug_macro   0x0000cc11       0x46 _build/ble_advertising.o
 .debug_macro   0x0000cc57       0x1c _build/ble_advertising.o
 .debug_macro   0x0000cc73       0x52 _build/ble_advertising.o
 .debug_macro   0x0000ccc5      0x28f _build/nrf_drv_common.o
 .debug_macro   0x0000cf54      0x2df _build/nrf_drv_gpiote.o
 .debug_macro   0x0000d233       0x11 _build/nrf_drv_gpiote.o
 .debug_macro   0x0000d244       0x2e _build/nrf_drv_gpiote.o
 .debug_macro   0x0000d272       0x6d _build/nrf_drv_gpiote.o
 .debug_macro   0x0000d2df      0x314 _build/pstorage.o
 .debug_macro   0x0000d5f3       0x40 _build/pstorage.o
 .debug_macro   0x0000d633      0x2d9 _build/nrf_drv_uart.o
 .debug_macro   0x0000d90c      0x1fc _build/app_fifo.o
 .debug_macro   0x0000db08      0x1d4 _build/fstorage.o
 .debug_macro   0x0000dcdc       0x1c _build/fstorage.o
 .debug_macro   0x0000dcf8       0x47 _build/fstorage.o
 .debug_macro   0x0000dd3f      0x336 _build/app_timer.o
 .debug_macro   0x0000e075      0x266 _build/retarget.o
 .debug_macro   0x0000e2db      0x31f _build/app_uart_fifo.o
 .debug_macro   0x0000e5fa      0x212 _build/app_error.o
 .debug_macro   0x0000e80c      0x20c _build/app_error_weak.o
 .debug_macro   0x0000ea18      0x2d6 _build/nrf_log.o
 .debug_macro   0x0000ecee       0x5e _build/nrf_log.o
 .debug_macro   0x0000ed4c      0x3c4 _build/softdevice_handler.o
 .debug_macro   0x0000f110       0x10 _build/softdevice_handler.o
 .debug_macro   0x0000f120       0x10 _build/softdevice_handler.o
 .debug_macro   0x0000f130       0xd0 _build/system_nrf51.o

.debug_line     0x00000000     0xb915
 .debug_line    0x00000000      0xc17 _build/main.o
 .debug_line    0x00000c17      0x64e _build/application.o
 .debug_line    0x00001265      0xc16 _build/transport.o
 .debug_line    0x00001e7b      0xaa5 _build/ble_advdata.o
 .debug_line    0x00002920      0xaea _build/ble_advertising.o
 .debug_line    0x0000340a      0x757 _build/nrf_drv_common.o
 .debug_line    0x00003b61      0xfe5 _build/nrf_drv_gpiote.o
 .debug_line    0x00004b46     0x12c1 _build/pstorage.o
 .debug_line    0x00005e07      0xd51 _build/nrf_drv_uart.o
 .debug_line    0x00006b58      0x6ec _build/app_fifo.o
 .debug_line    0x00007244      0x880 _build/fstorage.o
 .debug_line    0x00007ac4      0xc5c _build/app_timer.o
 .debug_line    0x00008720      0x647 _build/retarget.o
 .debug_line    0x00008d67      0x98b _build/app_uart_fifo.o
 .debug_line    0x000096f2      0x5b8 _build/app_error.o
 .debug_line    0x00009caa      0x57b _build/app_error_weak.o
 .debug_line    0x0000a225      0x89e _build/nrf_log.o
 .debug_line    0x0000aac3      0xa76 _build/softdevice_handler.o
 .debug_line    0x0000b539      0x3dc _build/system_nrf51.o

.debug_str      0x00000000    0x474c0
 .debug_str     0x00000000    0x3e3b6 _build/main.o
                              0x3e749 (size before relaxing)
 .debug_str     0x0003e3b6      0x16c _build/application.o
                              0x36e0f (size before relaxing)
 .debug_str     0x0003e522      0xa84 _build/transport.o
                              0x3e382 (size before relaxing)
 .debug_str     0x0003efa6     0x18eb _build/ble_advdata.o
                              0x3865f (size before relaxing)
 .debug_str     0x00040891      0xcd2 _build/ble_advertising.o
                              0x39b2c (size before relaxing)
 .debug_str     0x00041563      0x623 _build/nrf_drv_common.o
                              0x34b36 (size before relaxing)
 .debug_str     0x00041b86     0x134c _build/nrf_drv_gpiote.o
                              0x35e66 (size before relaxing)
 .debug_str     0x00042ed2     0x108a _build/pstorage.o
                              0x3596c (size before relaxing)
 .debug_str     0x00043f5c      0xccb _build/nrf_drv_uart.o
                              0x35c0a (size before relaxing)
 .debug_str     0x00044c27      0x18d _build/app_fifo.o
                              0x32927 (size before relaxing)
 .debug_str     0x00044db4      0x524 _build/fstorage.o
                              0x32f44 (size before relaxing)
 .debug_str     0x000452d8      0x9b3 _build/app_timer.o
                              0x35843 (size before relaxing)
 .debug_str     0x00045c8b      0x642 _build/retarget.o
                              0x34910 (size before relaxing)
 .debug_str     0x000462cd      0x30f _build/app_uart_fifo.o
                              0x3588f (size before relaxing)
 .debug_str     0x000465dc      0x123 _build/app_error.o
                              0x339e6 (size before relaxing)
 .debug_str     0x000466ff       0x7c _build/app_error_weak.o
                              0x33924 (size before relaxing)
 .debug_str     0x0004677b      0x6dd _build/nrf_log.o
                              0x35a07 (size before relaxing)
 .debug_str     0x00046e58      0x510 _build/softdevice_handler.o
                              0x3d8c5 (size before relaxing)
 .debug_str     0x00047368      0x158 _build/system_nrf51.o
                              0x2ef87 (size before relaxing)

.stab           0x00000000       0x6c
 .stab          0x00000000       0x24 c:/program files (x86)/gnu tools arm embedded/4.9 2015q2/bin/../lib/gcc/arm-none-eabi/4.9.3/../../../../arm-none-eabi/lib/armv6-m\libnosys.a(close.o)
 .stab          0x00000024       0x18 c:/program files (x86)/gnu tools arm embedded/4.9 2015q2/bin/../lib/gcc/arm-none-eabi/4.9.3/../../../../arm-none-eabi/lib/armv6-m\libnosys.a(fstat.o)
                                 0x24 (size before relaxing)
 .stab          0x0000003c       0x18 c:/program files (x86)/gnu tools arm embedded/4.9 2015q2/bin/../lib/gcc/arm-none-eabi/4.9.3/../../../../arm-none-eabi/lib/armv6-m\libnosys.a(isatty.o)
                                 0x24 (size before relaxing)
 .stab          0x00000054       0x18 c:/program files (x86)/gnu tools arm embedded/4.9 2015q2/bin/../lib/gcc/arm-none-eabi/4.9.3/../../../../arm-none-eabi/lib/armv6-m\libnosys.a(lseek.o)
                                 0x24 (size before relaxing)

.stabstr        0x00000000       0xe3
 .stabstr       0x00000000       0xe3 c:/program files (x86)/gnu tools arm embedded/4.9 2015q2/bin/../lib/gcc/arm-none-eabi/4.9.3/../../../../arm-none-eabi/lib/armv6-m\libnosys.a(close.o)
